Archive member included to satisfy reference by file (symbol)

C:/Program Files/SEGGER/SEGGER Embedded Studio for ARM 5.20a/lib/libm_v7em_fpv4_sp_d16_hard_t_le_eabi.a(libm_asm.o)
                              Output/Release/Obj/twi_master_using_nrf_twi_mngr_pca10056/main.o (__aeabi_f2d)
C:/Program Files/SEGGER/SEGGER Embedded Studio for ARM 5.20a/lib/libc_v7em_fpv4_sp_d16_hard_t_le_eabi.a(libc_asm.o)
                              Output/Release/Obj/twi_master_using_nrf_twi_mngr_pca10056/bsp.o (__aeabi_uldivmod)
C:/Program Files/SEGGER/SEGGER Embedded Studio for ARM 5.20a/lib/libc_v7em_fpv4_sp_d16_hard_t_le_eabi.a(libc2.o)
                              Output/Release/Obj/twi_master_using_nrf_twi_mngr_pca10056/nrf_log_str_formatter.o (isprint)
C:/Program Files/SEGGER/SEGGER Embedded Studio for ARM 5.20a/lib/libc_v7em_fpv4_sp_d16_hard_t_le_eabi.a(libc2_asm.o)
                              Output/Release/Obj/twi_master_using_nrf_twi_mngr_pca10056/nrf_log_frontend.o (memcpy)
C:/Program Files/SEGGER/SEGGER Embedded Studio for ARM 5.20a/lib/libc_v7em_fpv4_sp_d16_hard_t_le_eabi.a(libvfprintf.o)
                              (__vfprintf_short_float_long)
C:/Program Files/SEGGER/SEGGER Embedded Studio for ARM 5.20a/lib/libc_v7em_fpv4_sp_d16_hard_t_le_eabi.a(libvfscanf.o)
                              (__vfscanf_long)
C:/Program Files/SEGGER/SEGGER Embedded Studio for ARM 5.20a/lib/libc_v7em_fpv4_sp_d16_hard_t_le_eabi.a(libc.o)
                              C:/Program Files/SEGGER/SEGGER Embedded Studio for ARM 5.20a/lib/libc_v7em_fpv4_sp_d16_hard_t_le_eabi.a(libc2.o) (__heap_lock)
C:/Program Files/SEGGER/SEGGER Embedded Studio for ARM 5.20a/lib/libdebugio_v7em_fpv4_sp_d16_hard_t_le_eabi.a(libdebugio.o)
                              Output/Release/Obj/twi_master_using_nrf_twi_mngr_pca10056/thumb_crt0.o (debug_fopen)
C:/Program Files/SEGGER/SEGGER Embedded Studio for ARM 5.20a/lib/libdebugio_v7em_fpv4_sp_d16_hard_t_le_eabi.a(do_nv_debug_operation.o)
                              C:/Program Files/SEGGER/SEGGER Embedded Studio for ARM 5.20a/lib/libdebugio_v7em_fpv4_sp_d16_hard_t_le_eabi.a(libdebugio.o) (__do_nvdebug_operation)
C:/Program Files/SEGGER/SEGGER Embedded Studio for ARM 5.20a/lib/libdebugio_v7em_fpv4_sp_d16_hard_t_le_eabi.a(mempoll_debug_operations.o)
                              (__do_debug_operation_mempoll)
C:/Program Files/SEGGER/SEGGER Embedded Studio for ARM 5.20a/lib/libm_v7em_fpv4_sp_d16_hard_t_le_eabi.a(libm2.o)
                              C:/Program Files/SEGGER/SEGGER Embedded Studio for ARM 5.20a/lib/libc_v7em_fpv4_sp_d16_hard_t_le_eabi.a(libvfprintf.o) (frexp)

Discarded input sections

 .text          0x0000000000000000        0x0 Output/Release/Obj/twi_master_using_nrf_twi_mngr_pca10056/thumb_crt0.o
 .data          0x0000000000000000        0x0 Output/Release/Obj/twi_master_using_nrf_twi_mngr_pca10056/thumb_crt0.o
 .bss           0x0000000000000000        0x0 Output/Release/Obj/twi_master_using_nrf_twi_mngr_pca10056/thumb_crt0.o
 .text.abort    0x0000000000000000        0x2 Output/Release/Obj/twi_master_using_nrf_twi_mngr_pca10056/thumb_crt0.o
 .text.__assert
                0x0000000000000000        0x2 Output/Release/Obj/twi_master_using_nrf_twi_mngr_pca10056/thumb_crt0.o
 .text.__assert_func
                0x0000000000000000        0x2 Output/Release/Obj/twi_master_using_nrf_twi_mngr_pca10056/thumb_crt0.o
 .text.__aeabi_assert
                0x0000000000000000        0x2 Output/Release/Obj/twi_master_using_nrf_twi_mngr_pca10056/thumb_crt0.o
 .text.__sync_synchronize
                0x0000000000000000        0x2 Output/Release/Obj/twi_master_using_nrf_twi_mngr_pca10056/thumb_crt0.o
 .text.__getchar
                0x0000000000000000        0x4 Output/Release/Obj/twi_master_using_nrf_twi_mngr_pca10056/thumb_crt0.o
 .text.__putchar
                0x0000000000000000        0x4 Output/Release/Obj/twi_master_using_nrf_twi_mngr_pca10056/thumb_crt0.o
 .text.__open   0x0000000000000000        0x4 Output/Release/Obj/twi_master_using_nrf_twi_mngr_pca10056/thumb_crt0.o
 .text.__close  0x0000000000000000        0x4 Output/Release/Obj/twi_master_using_nrf_twi_mngr_pca10056/thumb_crt0.o
 .text.__write  0x0000000000000000        0xa Output/Release/Obj/twi_master_using_nrf_twi_mngr_pca10056/thumb_crt0.o
 .text.__read   0x0000000000000000        0xa Output/Release/Obj/twi_master_using_nrf_twi_mngr_pca10056/thumb_crt0.o
 .text.__seek   0x0000000000000000       0x1a Output/Release/Obj/twi_master_using_nrf_twi_mngr_pca10056/thumb_crt0.o
 .text.remove   0x0000000000000000        0x4 Output/Release/Obj/twi_master_using_nrf_twi_mngr_pca10056/thumb_crt0.o
 .text.rename   0x0000000000000000        0x4 Output/Release/Obj/twi_master_using_nrf_twi_mngr_pca10056/thumb_crt0.o
 .bss.__user_locale_name_buffer
                0x0000000000000000        0x4 Output/Release/Obj/twi_master_using_nrf_twi_mngr_pca10056/thumb_crt0.o
[...]
Memory Configuration

Name             Origin             Length             Attributes
UNPLACED_SECTIONS 0x0000000100000000 0x0000000000000000 xw
RAM              0x0000000020000000 0x0000000000040000 xw
FLASH            0x0000000000000000 0x0000000000100000 xw
*default*        0x0000000000000000 0xffffffffffffffff

Linker script and memory map

                0x0000000000000000                __do_debug_operation = __do_debug_operation_mempoll
                0x0000000000004084                __vfprintf = __vfprintf_short_float_long
                0x0000000000000000                __vfscanf = __vfscanf_long
                0x0000000020000000                __RAM_segment_start__ = 0x20000000
                0x0000000020040000                __RAM_segment_end__ = 0x20040000
                0x0000000000040000                __RAM_segment_size__ = 0x40000
                0x0000000000000000                __FLASH_segment_start__ = 0x0
                0x0000000000100000                __FLASH_segment_end__ = 0x100000
                0x0000000000100000                __FLASH_segment_size__ = 0x100000
                0x0000000000002000                __HEAPSIZE__ = 0x2000
                0x0000000000000000                __STACKSIZE_PROCESS__ = 0x0
                0x0000000000002000                __STACKSIZE__ = 0x2000
                0x0000000020000000                __vectors_ram_load_start__ = 0x20000000

.vectors_ram    0x0000000020000000        0x0
                0x0000000020000000                __vectors_ram_start__ = .
                0x0000000020000000                __app_ram_start__ = __vectors_ram_start__
 *(.vectors_ram .vectors_ram.*)
                0x0000000020000000                __vectors_ram_end__ = (__vectors_ram_start__ + SIZEOF (.vectors_ram))
                0x0000000000000000                __vectors_ram_size__ = SIZEOF (.vectors_ram)
                0x0000000020000000                __vectors_ram_load_end__ = __vectors_ram_end__
                0x0000000000000001                . = ASSERT (((__vectors_ram_start__ == __vectors_ram_end__) || ((__vectors_ram_end__ - __RAM_segment_start__) <= __RAM_segment_size__)), error: .vectors_ram is too large to fit in RAM memory segment)
                0x0000000020000000                __nrf_sections_run_load_start__ = ALIGN (__vectors_ram_end__, 0x4)

.nrf_sections_run
                0x0000000020000000        0x0
                0x0000000020000000                __nrf_sections_run_start__ = .
                0x0000000020000000                __start_nrf_sections_run = __nrf_sections_run_start__
 *(.nrf_sections_run .nrf_sections_run.*)
                0x0000000020000000                __nrf_sections_run_end__ = (__nrf_sections_run_start__ + SIZEOF (.nrf_sections_run))
                0x0000000000000000                __nrf_sections_run_size__ = SIZEOF (.nrf_sections_run)
                0x0000000020000000                __nrf_sections_run_load_end__ = __nrf_sections_run_end__
                0x0000000000000001                . = ASSERT (((__nrf_sections_run_start__ == __nrf_sections_run_end__) || ((__nrf_sections_run_end__ - __RAM_segment_start__) <= __RAM_segment_size__)), error: .nrf_sections_run is too large to fit in RAM memory segment)
                0x0000000000000000                __vectors_load_start__ = 0x0

.vectors        0x0000000000000000      0x200
                0x0000000000000000                __vectors_start__ = .
 *(.vectors .vectors.*)
 .vectors       0x0000000000000000      0x200 Output/Release/Obj/twi_master_using_nrf_twi_mngr_pca10056/ses_startup_nrf52840.o
                0x0000000000000000                _vectors
                0x0000000000000200                __vectors_end__ = (__vectors_start__ + SIZEOF (.vectors))
                0x0000000000000200                __vectors_size__ = SIZEOF (.vectors)
                0x0000000000000200                __vectors_load_end__ = __vectors_end__
                0x0000000000000001                . = ASSERT (((__vectors_start__ == __vectors_end__) || ((__vectors_end__ - __FLASH_segment_start__) <= __FLASH_segment_size__)), error: .vectors is too large to fit in FLASH memory segment)
                0x0000000000000200                __init_load_start__ = ALIGN (__vectors_end__, 0x4)

.init           0x0000000000000200      0x1d4
                0x0000000000000200                __init_start__ = .
 *(.init .init.*)
 .init          0x0000000000000200      0x15c Output/Release/Obj/twi_master_using_nrf_twi_mngr_pca10056/thumb_crt0.o
                0x0000000000000200                _start
                0x00000000000002b4                exit
 .init          0x000000000000035c       0x18 Output/Release/Obj/twi_master_using_nrf_twi_mngr_pca10056/ses_startup_nrf52840.o
                0x000000000000035c                NMI_Handler
                0x000000000000035e                HardFault_Handler
                0x0000000000000360                MemoryManagement_Handler
                0x0000000000000362                BusFault_Handler
                0x0000000000000364                UsageFault_Handler
                0x0000000000000366                SVC_Handler
                0x0000000000000368                DebugMon_Handler
                0x000000000000036a                PendSV_Handler
                0x000000000000036c                SysTick_Handler
                0x000000000000036e                RADIO_IRQHandler
                0x000000000000036e                PDM_IRQHandler
                0x000000000000036e                TEMP_IRQHandler
                0x000000000000036e                RTC0_IRQHandler
                0x000000000000036e                PWM1_IRQHandler
                0x000000000000036e                TIMER3_IRQHandler
                0x000000000000036e                PWM3_IRQHandler
                0x000000000000036e                FPU_IRQHandler
                0x000000000000036e                USBD_IRQHandler
                0x000000000000036e                SWI2_EGU2_IRQHandler
                0x000000000000036e                TIMER4_IRQHandler
                0x000000000000036e                CRYPTOCELL_IRQHandler
                0x000000000000036e                I2S_IRQHandler
                0x000000000000036e                QDEC_IRQHandler
                0x000000000000036e                TIMER0_IRQHandler
                0x000000000000036e                UARTE1_IRQHandler
                0x000000000000036e                Dummy_Handler
                0x000000000000036e                TIMER1_IRQHandler
                0x000000000000036e                SPIM3_IRQHandler
                0x000000000000036e                PWM2_IRQHandler
                0x000000000000036e                ECB_IRQHandler
                0x000000000000036e                SPIM1_SPIS1_TWIM1_TWIS1_SPI1_TWI1_IRQHandler
                0x000000000000036e                SAADC_IRQHandler
                0x000000000000036e                CCM_AAR_IRQHandler
                0x000000000000036e                WDT_IRQHandler
                0x000000000000036e                QSPI_IRQHandler
                0x000000000000036e                SWI5_EGU5_IRQHandler
                0x000000000000036e                RNG_IRQHandler
                0x000000000000036e                RTC2_IRQHandler
                0x000000000000036e                PWM0_IRQHandler
                0x000000000000036e                SWI3_EGU3_IRQHandler
                0x000000000000036e                SWI1_EGU1_IRQHandler
                0x000000000000036e                SPIM2_SPIS2_SPI2_IRQHandler
                0x000000000000036e                NFCT_IRQHandler
                0x000000000000036e                SWI4_EGU4_IRQHandler
                0x000000000000036e                MWU_IRQHandler
                0x000000000000036e                TIMER2_IRQHandler
                0x000000000000036e                COMP_LPCOMP_IRQHandler
                0x0000000000000370                nRFInitialize
 .init          0x0000000000000374       0x60 Output/Release/Obj/twi_master_using_nrf_twi_mngr_pca10056/ses_startup_nrf_common.o
                0x0000000000000374                Reset_Handler
                0x000000000000039c                InitializeUserMemorySections
                0x00000000000003d4                __init_end__ = (__init_start__ + SIZEOF (.init))
                0x00000000000001d4                __init_size__ = SIZEOF (.init)
                0x00000000000003d4                __init_load_end__ = __init_end__
                0x0000000000000001                . = ASSERT (((__init_start__ == __init_end__) || ((__init_end__ - __FLASH_segment_start__) <= __FLASH_segment_size__)), error: .init is too large to fit in FLASH memory segment)
                0x00000000000003d4                __init_rodata_load_start__ = ALIGN (__init_end__, 0x4)

.init_rodata    0x00000000000003d4        0x0
                0x00000000000003d4                __init_rodata_start__ = .
 *(.init_rodata .init_rodata.*)
                0x00000000000003d4                __init_rodata_end__ = (__init_rodata_start__ + SIZEOF (.init_rodata))
                0x0000000000000000                __init_rodata_size__ = SIZEOF (.init_rodata)
                0x00000000000003d4                __init_rodata_load_end__ = __init_rodata_end__
                0x0000000000000001                . = ASSERT (((__init_rodata_start__ == __init_rodata_end__) || ((__init_rodata_end__ - __FLASH_segment_start__) <= __FLASH_segment_size__)), error: .init_rodata is too large to fit in FLASH memory segment)
                0x00000000000003d4                __text_load_start__ = ALIGN (__init_rodata_end__, 0x4)

.text           0x00000000000003d4     0x4bd0
                0x00000000000003d4                __text_start__ = .
 *(.text .text.* .glue_7t .glue_7 .gnu.linkonce.t.* .gcc_except_table .ARM.extab* .gnu.linkonce.armextab.*)
 .glue_7        0x00000000000003d4        0x0 linker stubs
 .glue_7t       0x00000000000003d4        0x0 linker stubs
 .text.__aeabi_read_tp
                0x00000000000003d4        0x8 Output/Release/Obj/twi_master_using_nrf_twi_mngr_pca10056/thumb_crt0.o
                0x00000000000003d4                __aeabi_read_tp
 .text.nrf_log_backend_serial_put
                0x00000000000003dc       0xc2 Output/Release/Obj/twi_master_using_nrf_twi_mngr_pca10056/nrf_log_backend_serial.o
                0x00000000000003dc                nrf_log_backend_serial_put
 *fill*         0x000000000000049e        0x2 
 .text.uart_evt_handler
                0x00000000000004a0        0xc Output/Release/Obj/twi_master_using_nrf_twi_mngr_pca10056/nrf_log_backend_uart.o
 .text.nrf_log_backend_uart_flush
                0x00000000000004ac        0x2 Output/Release/Obj/twi_master_using_nrf_twi_mngr_pca10056/nrf_log_backend_uart.o
 *fill*         0x00000000000004ae        0x2 
 .text.uart_init
                0x00000000000004b0       0x5c Output/Release/Obj/twi_master_using_nrf_twi_mngr_pca10056/nrf_log_backend_uart.o
 .text.nrf_log_backend_uart_put
                0x000000000000050c       0x1c Output/Release/Obj/twi_master_using_nrf_twi_mngr_pca10056/nrf_log_backend_uart.o
 .text.serial_tx
                0x0000000000000528       0x48 Output/Release/Obj/twi_master_using_nrf_twi_mngr_pca10056/nrf_log_backend_uart.o
 .text.nrf_log_backend_uart_panic_set
                0x0000000000000570       0x2c Output/Release/Obj/twi_master_using_nrf_twi_mngr_pca10056/nrf_log_backend_uart.o
 .text.nrf_log_backend_uart_init
                0x000000000000059c        0x6 Output/Release/Obj/twi_master_using_nrf_twi_mngr_pca10056/nrf_log_backend_uart.o
                0x000000000000059c                nrf_log_backend_uart_init
 *fill*         0x00000000000005a2        0x2 
 .text.nrf_log_default_backends_init
                0x00000000000005a4       0x20 Output/Release/Obj/twi_master_using_nrf_twi_mngr_pca10056/nrf_log_default_backends.o
                0x00000000000005a4                nrf_log_default_backends_init
 .text.invalid_packets_omit
                0x00000000000005c4       0x3a Output/Release/Obj/twi_master_using_nrf_twi_mngr_pca10056/nrf_log_frontend.o
 *fill*         0x00000000000005fe        0x2 
 .text.buf_prealloc
                0x0000000000000600      0x130 Output/Release/Obj/twi_master_using_nrf_twi_mngr_pca10056/nrf_log_frontend.o
 .text.nrf_log_init
                0x0000000000000730       0x3c Output/Release/Obj/twi_master_using_nrf_twi_mngr_pca10056/nrf_log_frontend.o
                0x0000000000000730                nrf_log_init
 .text.nrf_log_module_name_get
                0x000000000000076c       0x38 Output/Release/Obj/twi_master_using_nrf_twi_mngr_pca10056/nrf_log_frontend.o
                0x000000000000076c                nrf_log_module_name_get
 .text.nrf_log_color_id_get
                0x00000000000007a4       0x2c Output/Release/Obj/twi_master_using_nrf_twi_mngr_pca10056/nrf_log_frontend.o
                0x00000000000007a4                nrf_log_color_id_get
 .text.buffer_is_empty
                0x00000000000007d0       0x14 Output/Release/Obj/twi_master_using_nrf_twi_mngr_pca10056/nrf_log_frontend.o
                0x00000000000007d0                buffer_is_empty
 .text.nrf_log_frontend_dequeue
                0x00000000000007e4      0x218 Output/Release/Obj/twi_master_using_nrf_twi_mngr_pca10056/nrf_log_frontend.o
                0x00000000000007e4                nrf_log_frontend_dequeue
 .text.std_n    0x00000000000009fc       0x98 Output/Release/Obj/twi_master_using_nrf_twi_mngr_pca10056/nrf_log_frontend.o
 .text.nrf_log_frontend_std_0
                0x0000000000000a94        0x8 Output/Release/Obj/twi_master_using_nrf_twi_mngr_pca10056/nrf_log_frontend.o
                0x0000000000000a94                nrf_log_frontend_std_0
 .text.nrf_log_frontend_std_1
                0x0000000000000a9c       0x12 Output/Release/Obj/twi_master_using_nrf_twi_mngr_pca10056/nrf_log_frontend.o
                0x0000000000000a9c                nrf_log_frontend_std_1
 .text.nrf_log_frontend_std_2
                0x0000000000000aae       0x14 Output/Release/Obj/twi_master_using_nrf_twi_mngr_pca10056/nrf_log_frontend.o
                0x0000000000000aae                nrf_log_frontend_std_2
 .text.nrf_log_frontend_std_3
                0x0000000000000ac2       0x18 Output/Release/Obj/twi_master_using_nrf_twi_mngr_pca10056/nrf_log_frontend.o
                0x0000000000000ac2                nrf_log_frontend_std_3
 *fill*         0x0000000000000ada        0x2 
 .text.nrf_log_backend_add
                0x0000000000000adc       0x44 Output/Release/Obj/twi_master_using_nrf_twi_mngr_pca10056/nrf_log_frontend.o
                0x0000000000000adc                nrf_log_backend_add
 .text.nrf_log_panic
                0x0000000000000b20       0x2c Output/Release/Obj/twi_master_using_nrf_twi_mngr_pca10056/nrf_log_frontend.o
                0x0000000000000b20                nrf_log_panic
 .text.postfix_process
                0x0000000000000b4c       0x44 Output/Release/Obj/twi_master_using_nrf_twi_mngr_pca10056/nrf_log_str_formatter.o
 .text.prefix_process
                0x0000000000000b90       0x7c Output/Release/Obj/twi_master_using_nrf_twi_mngr_pca10056/nrf_log_str_formatter.o
 .text.nrf_log_std_entry_process
                0x0000000000000c0c       0xc8 Output/Release/Obj/twi_master_using_nrf_twi_mngr_pca10056/nrf_log_str_formatter.o
                0x0000000000000c0c                nrf_log_std_entry_process
 .text.nrf_log_hexdump_entry_process
                0x0000000000000cd4       0xb8 Output/Release/Obj/twi_master_using_nrf_twi_mngr_pca10056/nrf_log_str_formatter.o
                0x0000000000000cd4                nrf_log_hexdump_entry_process
 .text.app_error_handler_bare
                0x0000000000000d8c       0x1a Output/Release/Obj/twi_master_using_nrf_twi_mngr_pca10056/app_error.o
                0x0000000000000d8c                app_error_handler_bare
 *fill*         0x0000000000000da6        0x2 
 .text.app_error_fault_handler
                0x0000000000000da8       0x70 Output/Release/Obj/twi_master_using_nrf_twi_mngr_pca10056/app_error_weak.o
                0x0000000000000da8                app_error_fault_handler
 .text.nrfx_coredep_delay_us.part.0.constprop.0
                0x0000000000000e18       0x10 Output/Release/Obj/twi_master_using_nrf_twi_mngr_pca10056/app_timer.o
 .text.rtc1_stop
                0x0000000000000e28       0x44 Output/Release/Obj/twi_master_using_nrf_twi_mngr_pca10056/app_timer.o
 .text.RTC1_IRQHandler
                0x0000000000000e6c       0x9c Output/Release/Obj/twi_master_using_nrf_twi_mngr_pca10056/app_timer.o
                0x0000000000000e6c                RTC1_IRQHandler
 .text.SWI0_EGU0_IRQHandler
                0x0000000000000f08      0x2bc Output/Release/Obj/twi_master_using_nrf_twi_mngr_pca10056/app_timer.o
                0x0000000000000f08                SWI0_EGU0_IRQHandler
 .text.app_util_disable_irq
                0x00000000000011c4       0x10 Output/Release/Obj/twi_master_using_nrf_twi_mngr_pca10056/app_util_platform.o
                0x00000000000011c4                app_util_disable_irq
 .text.app_util_enable_irq
                0x00000000000011d4       0x14 Output/Release/Obj/twi_master_using_nrf_twi_mngr_pca10056/app_util_platform.o
                0x00000000000011d4                app_util_enable_irq
 .text.app_util_critical_region_enter
                0x00000000000011e8        0x4 Output/Release/Obj/twi_master_using_nrf_twi_mngr_pca10056/app_util_platform.o
                0x00000000000011e8                app_util_critical_region_enter
 .text.app_util_critical_region_exit
                0x00000000000011ec        0x4 Output/Release/Obj/twi_master_using_nrf_twi_mngr_pca10056/app_util_platform.o
                0x00000000000011ec                app_util_critical_region_exit
 .text.nrf_atomic_u32_fetch_store
                0x00000000000011f0       0x16 Output/Release/Obj/twi_master_using_nrf_twi_mngr_pca10056/nrf_atomic.o
                0x00000000000011f0                nrf_atomic_u32_fetch_store
 .text.nrf_atomic_u32_or
                0x0000000000001206       0x18 Output/Release/Obj/twi_master_using_nrf_twi_mngr_pca10056/nrf_atomic.o
                0x0000000000001206                nrf_atomic_u32_or
 .text.nrf_atomic_u32_fetch_and
                0x000000000000121e       0x18 Output/Release/Obj/twi_master_using_nrf_twi_mngr_pca10056/nrf_atomic.o
                0x000000000000121e                nrf_atomic_u32_fetch_and
 .text.nrf_atomic_u32_add
                0x0000000000001236       0x18 Output/Release/Obj/twi_master_using_nrf_twi_mngr_pca10056/nrf_atomic.o
                0x0000000000001236                nrf_atomic_u32_add
 .text.nrf_atomic_u32_sub
                0x000000000000124e       0x18 Output/Release/Obj/twi_master_using_nrf_twi_mngr_pca10056/nrf_atomic.o
                0x000000000000124e                nrf_atomic_u32_sub
 .text.nrf_atomic_flag_set
                0x0000000000001266        0x6 Output/Release/Obj/twi_master_using_nrf_twi_mngr_pca10056/nrf_atomic.o
                0x0000000000001266                nrf_atomic_flag_set
 .text.nrf_atomic_flag_clear_fetch
                0x000000000000126c        0x6 Output/Release/Obj/twi_master_using_nrf_twi_mngr_pca10056/nrf_atomic.o
                0x000000000000126c                nrf_atomic_flag_clear_fetch
 .text.nrf_balloc_init
                0x0000000000001272       0x2e Output/Release/Obj/twi_master_using_nrf_twi_mngr_pca10056/nrf_balloc.o
                0x0000000000001272                nrf_balloc_init
 .text.nrf_balloc_alloc
                0x00000000000012a0       0x40 Output/Release/Obj/twi_master_using_nrf_twi_mngr_pca10056/nrf_balloc.o
                0x00000000000012a0                nrf_balloc_alloc
 .text.nrf_balloc_free
                0x00000000000012e0       0x2a Output/Release/Obj/twi_master_using_nrf_twi_mngr_pca10056/nrf_balloc.o
                0x00000000000012e0                nrf_balloc_free
 .text.nrf_fprintf_buffer_flush
                0x000000000000130a       0x16 Output/Release/Obj/twi_master_using_nrf_twi_mngr_pca10056/nrf_fprintf.o
                0x000000000000130a                nrf_fprintf_buffer_flush
 .text.nrf_fprintf
                0x0000000000001320       0x1c Output/Release/Obj/twi_master_using_nrf_twi_mngr_pca10056/nrf_fprintf.o
                0x0000000000001320                nrf_fprintf
 .text.buffer_add
                0x000000000000133c       0x2e Output/Release/Obj/twi_master_using_nrf_twi_mngr_pca10056/nrf_fprintf_format.o
 *fill*         0x000000000000136a        0x2 
 .text.unsigned_print
                0x000000000000136c       0xb4 Output/Release/Obj/twi_master_using_nrf_twi_mngr_pca10056/nrf_fprintf_format.o
 .text.nrf_fprintf_fmt
                0x0000000000001420      0x29c Output/Release/Obj/twi_master_using_nrf_twi_mngr_pca10056/nrf_fprintf_format.o
                0x0000000000001420                nrf_fprintf_fmt
 .text.memobj_op
                0x00000000000016bc       0x86 Output/Release/Obj/twi_master_using_nrf_twi_mngr_pca10056/nrf_memobj.o
 .text.nrf_memobj_pool_init
                0x0000000000001742        0x4 Output/Release/Obj/twi_master_using_nrf_twi_mngr_pca10056/nrf_memobj.o
                0x0000000000001742                nrf_memobj_pool_init
 .text.nrf_memobj_free
                0x0000000000001746       0x2c Output/Release/Obj/twi_master_using_nrf_twi_mngr_pca10056/nrf_memobj.o
                0x0000000000001746                nrf_memobj_free
 .text.nrf_memobj_alloc
                0x0000000000001772       0x5e Output/Release/Obj/twi_master_using_nrf_twi_mngr_pca10056/nrf_memobj.o
                0x0000000000001772                nrf_memobj_alloc
 .text.nrf_memobj_get
                0x00000000000017d0        0x8 Output/Release/Obj/twi_master_using_nrf_twi_mngr_pca10056/nrf_memobj.o
                0x00000000000017d0                nrf_memobj_get
 .text.nrf_memobj_put
                0x00000000000017d8       0x1e Output/Release/Obj/twi_master_using_nrf_twi_mngr_pca10056/nrf_memobj.o
                0x00000000000017d8                nrf_memobj_put
 .text.nrf_memobj_write
                0x00000000000017f6       0x14 Output/Release/Obj/twi_master_using_nrf_twi_mngr_pca10056/nrf_memobj.o
                0x00000000000017f6                nrf_memobj_write
 .text.nrf_memobj_read
                0x000000000000180a       0x14 Output/Release/Obj/twi_master_using_nrf_twi_mngr_pca10056/nrf_memobj.o
                0x000000000000180a                nrf_memobj_read
 *fill*         0x000000000000181e        0x2 
 .text.nrf_pwr_mgmt_init
                0x0000000000001820       0x2c Output/Release/Obj/twi_master_using_nrf_twi_mngr_pca10056/nrf_pwr_mgmt.o
                0x0000000000001820                nrf_pwr_mgmt_init
 .text.queue_utilization_get
                0x000000000000184c       0x18 Output/Release/Obj/twi_master_using_nrf_twi_mngr_pca10056/nrf_queue.o
 .text.nrf_queue_is_full
                0x0000000000001864       0x18 Output/Release/Obj/twi_master_using_nrf_twi_mngr_pca10056/nrf_queue.o
                0x0000000000001864                nrf_queue_is_full
 .text.nrf_queue_push
                0x000000000000187c       0xa0 Output/Release/Obj/twi_master_using_nrf_twi_mngr_pca10056/nrf_queue.o
                0x000000000000187c                nrf_queue_push
 .text.nrf_queue_is_empty
                0x000000000000191c        0xe Output/Release/Obj/twi_master_using_nrf_twi_mngr_pca10056/nrf_queue.o
                0x000000000000191c                nrf_queue_is_empty
 .text.nrf_queue_generic_pop
                0x000000000000192a       0x7e Output/Release/Obj/twi_master_using_nrf_twi_mngr_pca10056/nrf_queue.o
                0x000000000000192a                nrf_queue_generic_pop
 .text.nrf_ringbuf_init
                0x00000000000019a8       0x12 Output/Release/Obj/twi_master_using_nrf_twi_mngr_pca10056/nrf_ringbuf.o
                0x00000000000019a8                nrf_ringbuf_init
 .text.nrf_section_iter_init
                0x00000000000019ba       0x14 Output/Release/Obj/twi_master_using_nrf_twi_mngr_pca10056/nrf_section_iter.o
                0x00000000000019ba                nrf_section_iter_init
 .text.start_transfer
                0x00000000000019ce       0xb0 Output/Release/Obj/twi_master_using_nrf_twi_mngr_pca10056/nrf_twi_mngr.o
 .text.transaction_end_signal.isra.0
                0x0000000000001a7e       0x16 Output/Release/Obj/twi_master_using_nrf_twi_mngr_pca10056/nrf_twi_mngr.o
 .text.start_pending_transaction
                0x0000000000001a94       0x98 Output/Release/Obj/twi_master_using_nrf_twi_mngr_pca10056/nrf_twi_mngr.o
 .text.twi_event_handler
                0x0000000000001b2c       0x3a Output/Release/Obj/twi_master_using_nrf_twi_mngr_pca10056/nrf_twi_mngr.o
 *fill*         0x0000000000001b66        0x2 
 .text.nrf_twi_mngr_init
                0x0000000000001b68       0x38 Output/Release/Obj/twi_master_using_nrf_twi_mngr_pca10056/nrf_twi_mngr.o
                0x0000000000001b68                nrf_twi_mngr_init
 .text.nrf_twi_mngr_schedule
                0x0000000000001ba0       0x20 Output/Release/Obj/twi_master_using_nrf_twi_mngr_pca10056/nrf_twi_mngr.o
                0x0000000000001ba0                nrf_twi_mngr_schedule
 .text.twi_evt_handler
                0x0000000000001bc0       0x40 Output/Release/Obj/twi_master_using_nrf_twi_mngr_pca10056/nrf_drv_twi.o
 .text.nrfx_coredep_delay_us.part.0.constprop.0
                0x0000000000001c00       0x10 Output/Release/Obj/twi_master_using_nrf_twi_mngr_pca10056/nrf_drv_twi.o
 .text.nrf_gpio_pin_set
                0x0000000000001c10       0x20 Output/Release/Obj/twi_master_using_nrf_twi_mngr_pca10056/nrf_drv_twi.o
 .text.nrf_drv_twi_init
                0x0000000000001c30      0x100 Output/Release/Obj/twi_master_using_nrf_twi_mngr_pca10056/nrf_drv_twi.o
                0x0000000000001c30                nrf_drv_twi_init
 .text.uarte_evt_handler
                0x0000000000001d30       0x34 Output/Release/Obj/twi_master_using_nrf_twi_mngr_pca10056/nrf_drv_uart.o
 .text.uart_evt_handler
                0x0000000000001d64       0x34 Output/Release/Obj/twi_master_using_nrf_twi_mngr_pca10056/nrf_drv_uart.o
 .text.nrf_drv_uart_init
                0x0000000000001d98       0x7c Output/Release/Obj/twi_master_using_nrf_twi_mngr_pca10056/nrf_drv_uart.o
                0x0000000000001d98                nrf_drv_uart_init
 .text.POWER_CLOCK_IRQHandler
                0x0000000000001e14       0x64 Output/Release/Obj/twi_master_using_nrf_twi_mngr_pca10056/nrfx_clock.o
                0x0000000000001e14                POWER_CLOCK_IRQHandler
 .text.nrf_gpiote_event_clear
                0x0000000000001e78       0x18 Output/Release/Obj/twi_master_using_nrf_twi_mngr_pca10056/nrfx_gpiote.o
 .text.nrf_gpio_pin_port_decode
                0x0000000000001e90       0x18 Output/Release/Obj/twi_master_using_nrf_twi_mngr_pca10056/nrfx_gpiote.o
 .text.nrf_gpio_cfg_sense_set
                0x0000000000001ea8       0x2e Output/Release/Obj/twi_master_using_nrf_twi_mngr_pca10056/nrfx_gpiote.o
 *fill*         0x0000000000001ed6        0x2 
 .text.GPIOTE_IRQHandler
                0x0000000000001ed8      0x1ac Output/Release/Obj/twi_master_using_nrf_twi_mngr_pca10056/nrfx_gpiote.o
                0x0000000000001ed8                GPIOTE_IRQHandler
 .text.UARTE0_UART0_IRQHandler
                0x0000000000002084        0xc Output/Release/Obj/twi_master_using_nrf_twi_mngr_pca10056/nrfx_prs.o
                0x0000000000002084                UARTE0_UART0_IRQHandler
 .text.nrfx_prs_acquire
                0x0000000000002090       0x38 Output/Release/Obj/twi_master_using_nrf_twi_mngr_pca10056/nrfx_prs.o
                0x0000000000002090                nrfx_prs_acquire
 .text.nrfx_prs_release
                0x00000000000020c8       0x18 Output/Release/Obj/twi_master_using_nrf_twi_mngr_pca10056/nrfx_prs.o
                0x00000000000020c8                nrfx_prs_release
 .text.nrf_twi_event_clear
                0x00000000000020e0       0x10 Output/Release/Obj/twi_master_using_nrf_twi_mngr_pca10056/nrfx_twi.o
 .text.twi_transfer
                0x00000000000020f0       0xee Output/Release/Obj/twi_master_using_nrf_twi_mngr_pca10056/nrfx_twi.o
 *fill*         0x00000000000021de        0x2 
 .text.twi_tx_start_transfer
                0x00000000000021e0      0x100 Output/Release/Obj/twi_master_using_nrf_twi_mngr_pca10056/nrfx_twi.o
 .text.twi_rx_start_transfer
                0x00000000000022e0       0xe8 Output/Release/Obj/twi_master_using_nrf_twi_mngr_pca10056/nrfx_twi.o
 .text.SPIM0_SPIS0_TWIM0_TWIS0_SPI0_TWI0_IRQHandler
                0x00000000000023c8       0xc0 Output/Release/Obj/twi_master_using_nrf_twi_mngr_pca10056/nrfx_twi.o
                0x00000000000023c8                SPIM0_SPIS0_TWIM0_TWIS0_SPI0_TWI0_IRQHandler
 .text.nrfx_twi_init
                0x0000000000002488      0x110 Output/Release/Obj/twi_master_using_nrf_twi_mngr_pca10056/nrfx_twi.o
                0x0000000000002488                nrfx_twi_init
 .text.nrfx_twi_enable
                0x0000000000002598       0x20 Output/Release/Obj/twi_master_using_nrf_twi_mngr_pca10056/nrfx_twi.o
                0x0000000000002598                nrfx_twi_enable
 .text.nrfx_twi_disable
                0x00000000000025b8       0x34 Output/Release/Obj/twi_master_using_nrf_twi_mngr_pca10056/nrfx_twi.o
                0x00000000000025b8                nrfx_twi_disable
 .text.nrfx_twi_uninit
                0x00000000000025ec       0x94 Output/Release/Obj/twi_master_using_nrf_twi_mngr_pca10056/nrfx_twi.o
                0x00000000000025ec                nrfx_twi_uninit
 .text.nrfx_twi_xfer
                0x0000000000002680       0xc4 Output/Release/Obj/twi_master_using_nrf_twi_mngr_pca10056/nrfx_twi.o
                0x0000000000002680                nrfx_twi_xfer
 .text.nrf_uart_event_clear
                0x0000000000002744       0x10 Output/Release/Obj/twi_master_using_nrf_twi_mngr_pca10056/nrfx_uart.o
 .text.tx_byte  0x0000000000002754       0x1e Output/Release/Obj/twi_master_using_nrf_twi_mngr_pca10056/nrfx_uart.o
 .text.rx_byte  0x0000000000002772       0x2c Output/Release/Obj/twi_master_using_nrf_twi_mngr_pca10056/nrfx_uart.o
 *fill*         0x000000000000279e        0x2 
 .text.rx_done_event.constprop.0
                0x00000000000027a0       0x20 Output/Release/Obj/twi_master_using_nrf_twi_mngr_pca10056/nrfx_uart.o
 .text.nrfx_uart_0_irq_handler
                0x00000000000027c0      0x138 Output/Release/Obj/twi_master_using_nrf_twi_mngr_pca10056/nrfx_uart.o
                0x00000000000027c0                nrfx_uart_0_irq_handler
 .text.nrf_gpio_cfg_default
                0x00000000000028f8       0x20 Output/Release/Obj/twi_master_using_nrf_twi_mngr_pca10056/nrfx_uart.o
 .text.nrfx_uart_init
                0x0000000000002918      0x1ac Output/Release/Obj/twi_master_using_nrf_twi_mngr_pca10056/nrfx_uart.o
                0x0000000000002918                nrfx_uart_init
 .text.nrfx_uart_uninit
                0x0000000000002ac4       0xa8 Output/Release/Obj/twi_master_using_nrf_twi_mngr_pca10056/nrfx_uart.o
                0x0000000000002ac4                nrfx_uart_uninit
 .text.nrfx_uart_tx
                0x0000000000002b6c       0x8c Output/Release/Obj/twi_master_using_nrf_twi_mngr_pca10056/nrfx_uart.o
                0x0000000000002b6c                nrfx_uart_tx
 .text.nrf_uarte_event_clear
                0x0000000000002bf8       0x10 Output/Release/Obj/twi_master_using_nrf_twi_mngr_pca10056/nrfx_uarte.o
 .text.rx_done_event.constprop.0
                0x0000000000002c08       0x20 Output/Release/Obj/twi_master_using_nrf_twi_mngr_pca10056/nrfx_uarte.o
 .text.nrfx_uarte_0_irq_handler
                0x0000000000002c28       0xe4 Output/Release/Obj/twi_master_using_nrf_twi_mngr_pca10056/nrfx_uarte.o
                0x0000000000002c28                nrfx_uarte_0_irq_handler
 .text.nrf_gpio_cfg_default
                0x0000000000002d0c       0x20 Output/Release/Obj/twi_master_using_nrf_twi_mngr_pca10056/nrfx_uarte.o
 .text.nrfx_uarte_init
                0x0000000000002d2c      0x1bc Output/Release/Obj/twi_master_using_nrf_twi_mngr_pca10056/nrfx_uarte.o
                0x0000000000002d2c                nrfx_uarte_init
 .text.nrfx_uarte_uninit
                0x0000000000002ee8       0xa8 Output/Release/Obj/twi_master_using_nrf_twi_mngr_pca10056/nrfx_uarte.o
                0x0000000000002ee8                nrfx_uarte_uninit
 .text.nrfx_uarte_tx
                0x0000000000002f90       0x84 Output/Release/Obj/twi_master_using_nrf_twi_mngr_pca10056/nrfx_uarte.o
                0x0000000000002f90                nrfx_uarte_tx
 .text.platform_read
                0x0000000000003014       0x38 Output/Release/Obj/twi_master_using_nrf_twi_mngr_pca10056/main.o
                0x0000000000003014                platform_read
 .text.platform_write
                0x000000000000304c       0x34 Output/Release/Obj/twi_master_using_nrf_twi_mngr_pca10056/main.o
                0x000000000000304c                platform_write
 .text.log_init
                0x0000000000003080       0x1a Output/Release/Obj/twi_master_using_nrf_twi_mngr_pca10056/main.o
                0x0000000000003080                log_init
 *fill*         0x000000000000309a        0x2 
 .text.iis2dlpc_read_data_polling
                0x000000000000309c      0x13c Output/Release/Obj/twi_master_using_nrf_twi_mngr_pca10056/main.o
                0x000000000000309c                iis2dlpc_read_data_polling
 .text.startup.main
                0x00000000000031d8       0x60 Output/Release/Obj/twi_master_using_nrf_twi_mngr_pca10056/main.o
                0x00000000000031d8                main
 .text._GetAvailWriteSpace
                0x0000000000003238       0x1c Output/Release/Obj/twi_master_using_nrf_twi_mngr_pca10056/SEGGER_RTT.o
 .text._WriteNoCheck
                0x0000000000003254       0x38 Output/Release/Obj/twi_master_using_nrf_twi_mngr_pca10056/SEGGER_RTT.o
 .text._WriteBlocking
                0x000000000000328c       0x52 Output/Release/Obj/twi_master_using_nrf_twi_mngr_pca10056/SEGGER_RTT.o
 *fill*         0x00000000000032de        0x2 
 .text._DoInit  0x00000000000032e0       0x60 Output/Release/Obj/twi_master_using_nrf_twi_mngr_pca10056/SEGGER_RTT.o
 .text.SEGGER_RTT_WriteNoLock
                0x0000000000003340       0x68 Output/Release/Obj/twi_master_using_nrf_twi_mngr_pca10056/SEGGER_RTT.o
                0x0000000000003340                SEGGER_RTT_WriteNoLock
 .text.SEGGER_RTT_Write
                0x00000000000033a8       0x34 Output/Release/Obj/twi_master_using_nrf_twi_mngr_pca10056/SEGGER_RTT.o
                0x00000000000033a8                SEGGER_RTT_Write
 .text.printf   0x00000000000033dc       0x3a Output/Release/Obj/twi_master_using_nrf_twi_mngr_pca10056/SEGGER_RTT_Syscalls_SES.o
                0x00000000000033dc                printf
 *fill*         0x0000000000003416        0x2 
 .text.errata_98
                0x0000000000003418       0x20 Output/Release/Obj/twi_master_using_nrf_twi_mngr_pca10056/system_nrf52840.o
 .text.SystemInit
                0x0000000000003438      0x1b8 Output/Release/Obj/twi_master_using_nrf_twi_mngr_pca10056/system_nrf52840.o
                0x0000000000003438                SystemInit
 .text.iis2dlpc_read_reg
                0x00000000000035f0        0xe Output/Release/Obj/twi_master_using_nrf_twi_mngr_pca10056/iis2dlpc_reg.o
                0x00000000000035f0                iis2dlpc_read_reg
 .text.iis2dlpc_write_reg
                0x00000000000035fe        0xe Output/Release/Obj/twi_master_using_nrf_twi_mngr_pca10056/iis2dlpc_reg.o
                0x00000000000035fe                iis2dlpc_write_reg
 .text.iis2dlpc_from_fs8_lp1_to_mg
                0x000000000000360c       0x18 Output/Release/Obj/twi_master_using_nrf_twi_mngr_pca10056/iis2dlpc_reg.o
                0x000000000000360c                iis2dlpc_from_fs8_lp1_to_mg
 .text.iis2dlpc_power_mode_set
                0x0000000000003624       0x5e Output/Release/Obj/twi_master_using_nrf_twi_mngr_pca10056/iis2dlpc_reg.o
                0x0000000000003624                iis2dlpc_power_mode_set
 .text.iis2dlpc_data_rate_set
                0x0000000000003682       0x58 Output/Release/Obj/twi_master_using_nrf_twi_mngr_pca10056/iis2dlpc_reg.o
                0x0000000000003682                iis2dlpc_data_rate_set
 .text.iis2dlpc_block_data_update_set
                0x00000000000036da       0x2e Output/Release/Obj/twi_master_using_nrf_twi_mngr_pca10056/iis2dlpc_reg.o
                0x00000000000036da                iis2dlpc_block_data_update_set
 .text.iis2dlpc_full_scale_set
                0x0000000000003708       0x2e Output/Release/Obj/twi_master_using_nrf_twi_mngr_pca10056/iis2dlpc_reg.o
                0x0000000000003708                iis2dlpc_full_scale_set
 .text.iis2dlpc_flag_data_ready_get
                0x0000000000003736       0x1c Output/Release/Obj/twi_master_using_nrf_twi_mngr_pca10056/iis2dlpc_reg.o
                0x0000000000003736                iis2dlpc_flag_data_ready_get
 .text.iis2dlpc_acceleration_raw_get
                0x0000000000003752       0x3c Output/Release/Obj/twi_master_using_nrf_twi_mngr_pca10056/iis2dlpc_reg.o
                0x0000000000003752                iis2dlpc_acceleration_raw_get
 .text.iis2dlpc_device_id_get
                0x000000000000378e        0xa Output/Release/Obj/twi_master_using_nrf_twi_mngr_pca10056/iis2dlpc_reg.o
                0x000000000000378e                iis2dlpc_device_id_get
 .text.iis2dlpc_reset_set
                0x0000000000003798       0x2e Output/Release/Obj/twi_master_using_nrf_twi_mngr_pca10056/iis2dlpc_reg.o
                0x0000000000003798                iis2dlpc_reset_set
 .text.iis2dlpc_reset_get
                0x00000000000037c6       0x1c Output/Release/Obj/twi_master_using_nrf_twi_mngr_pca10056/iis2dlpc_reg.o
                0x00000000000037c6                iis2dlpc_reset_get
 .text.iis2dlpc_filter_path_set
                0x00000000000037e2       0x58 Output/Release/Obj/twi_master_using_nrf_twi_mngr_pca10056/iis2dlpc_reg.o
                0x00000000000037e2                iis2dlpc_filter_path_set
 .text.iis2dlpc_filter_bandwidth_set
                0x000000000000383a       0x2e Output/Release/Obj/twi_master_using_nrf_twi_mngr_pca10056/iis2dlpc_reg.o
                0x000000000000383a                iis2dlpc_filter_bandwidth_set
 .text.sensor_read_reg_cb
                0x0000000000003868       0x44 Output/Release/Obj/twi_master_using_nrf_twi_mngr_pca10056/nrf_twi_sensor.o
 .text.sensor_write_reg_cb
                0x00000000000038ac       0x38 Output/Release/Obj/twi_master_using_nrf_twi_mngr_pca10056/nrf_twi_sensor.o
 .text.nrf_twi_sensor_init
                0x00000000000038e4        0x6 Output/Release/Obj/twi_master_using_nrf_twi_mngr_pca10056/nrf_twi_sensor.o
                0x00000000000038e4                nrf_twi_sensor_init
 *fill*         0x00000000000038ea        0x2 
 .text.nrf_twi_sensor_reg_read
                0x00000000000038ec       0xc8 Output/Release/Obj/twi_master_using_nrf_twi_mngr_pca10056/nrf_twi_sensor.o
                0x00000000000038ec                nrf_twi_sensor_reg_read
 .text.nrf_twi_sensor_write
                0x00000000000039b4       0xec Output/Release/Obj/twi_master_using_nrf_twi_mngr_pca10056/nrf_twi_sensor.o
                0x00000000000039b4                nrf_twi_sensor_write
 .text.nrf_twi_sensor_reg_write
                0x0000000000003aa0       0x78 Output/Release/Obj/twi_master_using_nrf_twi_mngr_pca10056/nrf_twi_sensor.o
                0x0000000000003aa0                nrf_twi_sensor_reg_write
 .text.__aeabi_f2d
                0x0000000000003b18       0x34 C:/Program Files/SEGGER/SEGGER Embedded Studio for ARM 5.20a/lib/libm_v7em_fpv4_sp_d16_hard_t_le_eabi.a(libm_asm.o)
                0x0000000000003b18                __aeabi_f2d
 .text.__aeabi_d2f
                0x0000000000003b4c       0x54 C:/Program Files/SEGGER/SEGGER Embedded Studio for ARM 5.20a/lib/libm_v7em_fpv4_sp_d16_hard_t_le_eabi.a(libm_asm.o)
                0x0000000000003b4c                __aeabi_d2f
 .text.__float32_isinf
                0x0000000000003ba0       0x14 C:/Program Files/SEGGER/SEGGER Embedded Studio for ARM 5.20a/lib/libm_v7em_fpv4_sp_d16_hard_t_le_eabi.a(libm_asm.o)
                0x0000000000003ba0                __float32_isinf
 .text.__float32_isnan
                0x0000000000003bb4       0x14 C:/Program Files/SEGGER/SEGGER Embedded Studio for ARM 5.20a/lib/libm_v7em_fpv4_sp_d16_hard_t_le_eabi.a(libm_asm.o)
                0x0000000000003bb4                __float32_isnan
 .text.__float32_signbit
                0x0000000000003bc8        0xc C:/Program Files/SEGGER/SEGGER Embedded Studio for ARM 5.20a/lib/libm_v7em_fpv4_sp_d16_hard_t_le_eabi.a(libm_asm.o)
                0x0000000000003bc8                __float32_signbit
 .text.fabsf    0x0000000000003bd4        0x8 C:/Program Files/SEGGER/SEGGER Embedded Studio for ARM 5.20a/lib/libm_v7em_fpv4_sp_d16_hard_t_le_eabi.a(libm_asm.o)
                0x0000000000003bd4                fabsf
                0x0000000000003bd4                fabs(float)
 .text.floorf   0x0000000000003bdc       0x70 C:/Program Files/SEGGER/SEGGER Embedded Studio for ARM 5.20a/lib/libm_v7em_fpv4_sp_d16_hard_t_le_eabi.a(libm_asm.o)
                0x0000000000003bdc                floorf
                0x0000000000003bdc                floor(float)
 .text.frexpf   0x0000000000003c4c       0x3c C:/Program Files/SEGGER/SEGGER Embedded Studio for ARM 5.20a/lib/libm_v7em_fpv4_sp_d16_hard_t_le_eabi.a(libm_asm.o)
                0x0000000000003c4c                frexpf
                0x0000000000003c4c                frexp(float, int*)
 .text.ldexpf   0x0000000000003c88       0x48 C:/Program Files/SEGGER/SEGGER Embedded Studio for ARM 5.20a/lib/libm_v7em_fpv4_sp_d16_hard_t_le_eabi.a(libm_asm.o)
                0x0000000000003c88                ldexp(float, int)
                0x0000000000003c88                ldexpf
 .text.libc.__RAL_ascii_isctype
                0x0000000000003cd0       0x1c C:/Program Files/SEGGER/SEGGER Embedded Studio for ARM 5.20a/lib/libc_v7em_fpv4_sp_d16_hard_t_le_eabi.a(libc2.o)
 .text.libc.__RAL_ascii_toupper
                0x0000000000003cec        0xc C:/Program Files/SEGGER/SEGGER Embedded Studio for ARM 5.20a/lib/libc_v7em_fpv4_sp_d16_hard_t_le_eabi.a(libc2.o)
 .text.libc.__RAL_ascii_tolower
                0x0000000000003cf8        0xc C:/Program Files/SEGGER/SEGGER Embedded Studio for ARM 5.20a/lib/libc_v7em_fpv4_sp_d16_hard_t_le_eabi.a(libc2.o)
 .text.libc.__RAL_ascii_iswctype
                0x0000000000003d04       0x1c C:/Program Files/SEGGER/SEGGER Embedded Studio for ARM 5.20a/lib/libc_v7em_fpv4_sp_d16_hard_t_le_eabi.a(libc2.o)
 .text.libc.__RAL_ascii_towupper
                0x0000000000003d20        0xc C:/Program Files/SEGGER/SEGGER Embedded Studio for ARM 5.20a/lib/libc_v7em_fpv4_sp_d16_hard_t_le_eabi.a(libc2.o)
 .text.libc.__RAL_ascii_towlower
                0x0000000000003d2c        0xc C:/Program Files/SEGGER/SEGGER Embedded Studio for ARM 5.20a/lib/libc_v7em_fpv4_sp_d16_hard_t_le_eabi.a(libc2.o)
 .text.libc.__RAL_ascii_wctomb
                0x0000000000003d38        0xe C:/Program Files/SEGGER/SEGGER Embedded Studio for ARM 5.20a/lib/libc_v7em_fpv4_sp_d16_hard_t_le_eabi.a(libc2.o)
                0x0000000000003d38                __RAL_ascii_wctomb
 .text.libc.__RAL_ascii_mbtowc
                0x0000000000003d46       0x24 C:/Program Files/SEGGER/SEGGER Embedded Studio for ARM 5.20a/lib/libc_v7em_fpv4_sp_d16_hard_t_le_eabi.a(libc2.o)
                0x0000000000003d46                __RAL_ascii_mbtowc
 *fill*         0x0000000000003d6a        0x2 
 .text.libc.__RAL_pow10f
                0x0000000000003d6c       0x44 C:/Program Files/SEGGER/SEGGER Embedded Studio for ARM 5.20a/lib/libc_v7em_fpv4_sp_d16_hard_t_le_eabi.a(libc2.o)
                0x0000000000003d6c                __RAL_pow10f
 .text.libc.__putc
                0x0000000000003db0       0x34 C:/Program Files/SEGGER/SEGGER Embedded Studio for ARM 5.20a/lib/libc_v7em_fpv4_sp_d16_hard_t_le_eabi.a(libc2.o)
                0x0000000000003db0                __putc
 .text.libc.__RAL_print_padding
                0x0000000000003de4       0x1c C:/Program Files/SEGGER/SEGGER Embedded Studio for ARM 5.20a/lib/libc_v7em_fpv4_sp_d16_hard_t_le_eabi.a(libc2.o)
                0x0000000000003de4                __RAL_print_padding
 .text.libc.__RAL_pre_padding
                0x0000000000003e00       0x1a C:/Program Files/SEGGER/SEGGER Embedded Studio for ARM 5.20a/lib/libc_v7em_fpv4_sp_d16_hard_t_le_eabi.a(libc2.o)
                0x0000000000003e00                __RAL_pre_padding
 .text.libc.abs
                0x0000000000003e1a        0x8 C:/Program Files/SEGGER/SEGGER Embedded Studio for ARM 5.20a/lib/libc_v7em_fpv4_sp_d16_hard_t_le_eabi.a(libc2.o)
                0x0000000000003e1a                abs
 *fill*         0x0000000000003e22        0x2 
 .text.libc.__RAL_isctype
                0x0000000000003e24       0x14 C:/Program Files/SEGGER/SEGGER Embedded Studio for ARM 5.20a/lib/libc_v7em_fpv4_sp_d16_hard_t_le_eabi.a(libc2.o)
                0x0000000000003e24                __RAL_isctype
 .text.libc.isprint
                0x0000000000003e38        0xa C:/Program Files/SEGGER/SEGGER Embedded Studio for ARM 5.20a/lib/libc_v7em_fpv4_sp_d16_hard_t_le_eabi.a(libc2.o)
                0x0000000000003e38                isprint
 *fill*         0x0000000000003e42        0x2 
 .text.libc.__aeabi_errno_addr
                0x0000000000003e44       0x14 C:/Program Files/SEGGER/SEGGER Embedded Studio for ARM 5.20a/lib/libc_v7em_fpv4_sp_d16_hard_t_le_eabi.a(libc2.o)
                0x0000000000003e44                __aeabi_errno_addr
 .text.libc.memcmp
                0x0000000000003e58       0x66 C:/Program Files/SEGGER/SEGGER Embedded Studio for ARM 5.20a/lib/libc_v7em_fpv4_sp_d16_hard_t_le_eabi.a(libc2.o)
                0x0000000000003e58                memcmp
 .text.libc.sprintf
                0x0000000000003ebe       0x2a C:/Program Files/SEGGER/SEGGER Embedded Studio for ARM 5.20a/lib/libc_v7em_fpv4_sp_d16_hard_t_le_eabi.a(libc2.o)
                0x0000000000003ebe                sprintf
 .text.libc.strnlen
                0x0000000000003ee8       0x22 C:/Program Files/SEGGER/SEGGER Embedded Studio for ARM 5.20a/lib/libc_v7em_fpv4_sp_d16_hard_t_le_eabi.a(libc2.o)
                0x0000000000003ee8                strnlen
 .text.libc.vsnprintf
                0x0000000000003f0a       0x1c C:/Program Files/SEGGER/SEGGER Embedded Studio for ARM 5.20a/lib/libc_v7em_fpv4_sp_d16_hard_t_le_eabi.a(libc2.o)
                0x0000000000003f0a                vsnprintf
 .text.libc.memcpy
                0x0000000000003f26       0x52 C:/Program Files/SEGGER/SEGGER Embedded Studio for ARM 5.20a/lib/libc_v7em_fpv4_sp_d16_hard_t_le_eabi.a(libc2_asm.o)
                0x0000000000003f26                __aeabi_memcpy
                0x0000000000003f26                memcpy
                0x0000000000003f32                __aeabi_memcpy8
                0x0000000000003f32                __aeabi_memcpy4
 .text.libc.memset
                0x0000000000003f78       0x66 C:/Program Files/SEGGER/SEGGER Embedded Studio for ARM 5.20a/lib/libc_v7em_fpv4_sp_d16_hard_t_le_eabi.a(libc2_asm.o)
                0x0000000000003f78                memset
 .text.libc.strcpy
                0x0000000000003fde       0x44 C:/Program Files/SEGGER/SEGGER Embedded Studio for ARM 5.20a/lib/libc_v7em_fpv4_sp_d16_hard_t_le_eabi.a(libc2_asm.o)
                0x0000000000003fde                strcpy
 .text.libc.strlen
                0x0000000000004022       0x60 C:/Program Files/SEGGER/SEGGER Embedded Studio for ARM 5.20a/lib/libc_v7em_fpv4_sp_d16_hard_t_le_eabi.a(libc2_asm.o)
                0x0000000000004022                strlen
 *fill*         0x0000000000004082        0x2 
 .text.libc.__vfprintf_short_float_long
                0x0000000000004084      0xdcc C:/Program Files/SEGGER/SEGGER Embedded Studio for ARM 5.20a/lib/libc_v7em_fpv4_sp_d16_hard_t_le_eabi.a(libvfprintf.o)
                0x0000000000004084                __vfprintf_short_float_long
 .text.libc.modff
                0x0000000000004e50       0x58 C:/Program Files/SEGGER/SEGGER Embedded Studio for ARM 5.20a/lib/libm_v7em_fpv4_sp_d16_hard_t_le_eabi.a(libm2.o)
                0x0000000000004e50                modf(float, float*)
                0x0000000000004e50                modff
 .text.libc.fmodf
                0x0000000000004ea8       0xfc C:/Program Files/SEGGER/SEGGER Embedded Studio for ARM 5.20a/lib/libm_v7em_fpv4_sp_d16_hard_t_le_eabi.a(libm2.o)
                0x0000000000004ea8                fmod(float, float)
                0x0000000000004ea8                fmodf
                0x0000000000004fa4                __text_end__ = (__text_start__ + SIZEOF (.text))
                0x0000000000004bd0                __text_size__ = SIZEOF (.text)
                0x0000000000004fa4                __text_load_end__ = __text_end__

.vfp11_veneer   0x0000000100000000        0x0
 .vfp11_veneer  0x0000000100000000        0x0 linker stubs

.v4_bx          0x0000000100000000        0x0
 .v4_bx         0x0000000100000000        0x0 linker stubs

.iplt           0x0000000100000000        0x0
 .iplt          0x0000000100000000        0x0 Output/Release/Obj/twi_master_using_nrf_twi_mngr_pca10056/thumb_crt0.o
                0x0000000000000001                . = ASSERT (((__text_start__ == __text_end__) || ((__text_end__ - __FLASH_segment_start__) <= __FLASH_segment_size__)), error: .text is too large to fit in FLASH memory segment)
                0x0000000000004fa4                __pwr_mgmt_data_load_start__ = ALIGN (__text_end__, 0x4)

.pwr_mgmt_data  0x0000000000004fa4        0x0
                0x0000000000004fa4                __pwr_mgmt_data_start__ = .
                0x0000000000004fa4                __start_pwr_mgmt_data = __pwr_mgmt_data_start__
 *(SORT_BY_NAME(.pwr_mgmt_data*))
                0x0000000000004fa4                __pwr_mgmt_data_end__ = (__pwr_mgmt_data_start__ + SIZEOF (.pwr_mgmt_data))
                0x0000000000000000                __pwr_mgmt_data_size__ = SIZEOF (.pwr_mgmt_data)
                0x0000000000004fa4                __stop_pwr_mgmt_data = __pwr_mgmt_data_end__
                0x0000000000004fa4                __pwr_mgmt_data_load_end__ = __pwr_mgmt_data_end__
                0x0000000000000001                . = ASSERT (((__pwr_mgmt_data_start__ == __pwr_mgmt_data_end__) || ((__pwr_mgmt_data_end__ - __FLASH_segment_start__) <= __FLASH_segment_size__)), error: .pwr_mgmt_data is too large to fit in FLASH memory segment)
                0x0000000000004fa4                __nrf_queue_load_start__ = ALIGN (__pwr_mgmt_data_end__, 0x4)

.nrf_queue      0x0000000000004fa4       0x14
                0x0000000000004fa4                __nrf_queue_start__ = .
                0x0000000000004fa4                __start_nrf_queue = __nrf_queue_start__
 *(.nrf_queue*)
 .nrf_queue     0x0000000000004fa4       0x14 Output/Release/Obj/twi_master_using_nrf_twi_mngr_pca10056/main.o
                0x0000000000004fa4                m_nrf_twi_mngr_queue
                0x0000000000004fb8                __nrf_queue_end__ = (__nrf_queue_start__ + SIZEOF (.nrf_queue))
                0x0000000000000014                __nrf_queue_size__ = SIZEOF (.nrf_queue)
                0x0000000000004fb8                __stop_nrf_queue = __nrf_queue_end__
                0x0000000000004fb8                __nrf_queue_load_end__ = __nrf_queue_end__
                0x0000000000000001                . = ASSERT (((__nrf_queue_start__ == __nrf_queue_end__) || ((__nrf_queue_end__ - __FLASH_segment_start__) <= __FLASH_segment_size__)), error: .nrf_queue is too large to fit in FLASH memory segment)
                0x0000000000004fb8                __log_const_data_load_start__ = ALIGN (__nrf_queue_end__, 0x4)

.log_const_data
                0x0000000000004fb8       0x50
                0x0000000000004fb8                __log_const_data_start__ = .
                0x0000000000004fb8                __start_log_const_data = __log_const_data_start__
 *(SORT_BY_NAME(.log_const_data*))
 .log_const_data_CLOCK
                0x0000000000004fb8        0x8 Output/Release/Obj/twi_master_using_nrf_twi_mngr_pca10056/nrfx_clock.o
                0x0000000000004fb8                m_nrf_log_CLOCK_logs_data_const
 .log_const_data_GPIOTE
                0x0000000000004fc0        0x8 Output/Release/Obj/twi_master_using_nrf_twi_mngr_pca10056/nrfx_gpiote.o
                0x0000000000004fc0                m_nrf_log_GPIOTE_logs_data_const
 .log_const_data_PRS
                0x0000000000004fc8        0x8 Output/Release/Obj/twi_master_using_nrf_twi_mngr_pca10056/nrfx_prs.o
                0x0000000000004fc8                m_nrf_log_PRS_logs_data_const
 .log_const_data_TWI
                0x0000000000004fd0        0x8 Output/Release/Obj/twi_master_using_nrf_twi_mngr_pca10056/nrfx_twi.o
                0x0000000000004fd0                m_nrf_log_TWI_logs_data_const
 .log_const_data_UART
                0x0000000000004fd8        0x8 Output/Release/Obj/twi_master_using_nrf_twi_mngr_pca10056/nrfx_uart.o
                0x0000000000004fd8                m_nrf_log_UART_logs_data_const
 .log_const_data_UARTE
                0x0000000000004fe0        0x8 Output/Release/Obj/twi_master_using_nrf_twi_mngr_pca10056/nrfx_uarte.o
                0x0000000000004fe0                m_nrf_log_UARTE_logs_data_const
 .log_const_data_app
                0x0000000000004fe8        0x8 Output/Release/Obj/twi_master_using_nrf_twi_mngr_pca10056/nrf_log_frontend.o
                0x0000000000004fe8                m_nrf_log_app_logs_data_const
 .log_const_data_clock
                0x0000000000004ff0        0x8 Output/Release/Obj/twi_master_using_nrf_twi_mngr_pca10056/nrf_drv_clock.o
                0x0000000000004ff0                m_nrf_log_clock_logs_data_const
 .log_const_data_pwr_mgmt
                0x0000000000004ff8        0x8 Output/Release/Obj/twi_master_using_nrf_twi_mngr_pca10056/nrf_pwr_mgmt.o
                0x0000000000004ff8                m_nrf_log_pwr_mgmt_logs_data_const
 .log_const_data_twi_sensor
                0x0000000000005000        0x8 Output/Release/Obj/twi_master_using_nrf_twi_mngr_pca10056/nrf_twi_sensor.o
                0x0000000000005000                m_nrf_log_twi_sensor_logs_data_const
                0x0000000000005008                __log_const_data_end__ = (__log_const_data_start__ + SIZEOF (.log_const_data))
                0x0000000000000050                __log_const_data_size__ = SIZEOF (.log_const_data)
                0x0000000000005008                __stop_log_const_data = __log_const_data_end__
                0x0000000000005008                __log_const_data_load_end__ = __log_const_data_end__
                0x0000000000000001                . = ASSERT (((__log_const_data_start__ == __log_const_data_end__) || ((__log_const_data_end__ - __FLASH_segment_start__) <= __FLASH_segment_size__)), error: .log_const_data is too large to fit in FLASH memory segment)
                0x0000000000005008                __log_backends_load_start__ = ALIGN (__log_const_data_end__, 0x4)

.log_backends   0x0000000000005008       0x10
                0x0000000000005008                __log_backends_start__ = .
                0x0000000000005008                __start_log_backends = __log_backends_start__
 *(SORT_BY_NAME(.log_backends*))
 .log_backends  0x0000000000005008       0x10 Output/Release/Obj/twi_master_using_nrf_twi_mngr_pca10056/nrf_log_default_backends.o
                0x0000000000005018                __log_backends_end__ = (__log_backends_start__ + SIZEOF (.log_backends))
                0x0000000000000010                __log_backends_size__ = SIZEOF (.log_backends)
                0x0000000000005018                __stop_log_backends = __log_backends_end__
                0x0000000000005018                __log_backends_load_end__ = __log_backends_end__
                0x0000000000000001                . = ASSERT (((__log_backends_start__ == __log_backends_end__) || ((__log_backends_end__ - __FLASH_segment_start__) <= __FLASH_segment_size__)), error: .log_backends is too large to fit in FLASH memory segment)
                0x0000000000005018                __nrf_balloc_load_start__ = ALIGN (__log_backends_end__, 0x4)

.nrf_balloc     0x0000000000005018       0x28
                0x0000000000005018                __nrf_balloc_start__ = .
                0x0000000000005018                __start_nrf_balloc = __nrf_balloc_start__
 *(.nrf_balloc*)
 .nrf_balloc    0x0000000000005018       0x14 Output/Release/Obj/twi_master_using_nrf_twi_mngr_pca10056/nrf_log_frontend.o
                0x0000000000005018                log_mempool
 .nrf_balloc    0x000000000000502c       0x14 Output/Release/Obj/twi_master_using_nrf_twi_mngr_pca10056/main.o
                0x000000000000502c                m_nrf_twi_sensor_pool
                0x0000000000005040                __nrf_balloc_end__ = (__nrf_balloc_start__ + SIZEOF (.nrf_balloc))
                0x0000000000000028                __nrf_balloc_size__ = SIZEOF (.nrf_balloc)
                0x0000000000005040                __stop_nrf_balloc = __nrf_balloc_end__
                0x0000000000005040                __nrf_balloc_load_end__ = __nrf_balloc_end__
                0x0000000000000001                . = ASSERT (((__nrf_balloc_start__ == __nrf_balloc_end__) || ((__nrf_balloc_end__ - __FLASH_segment_start__) <= __FLASH_segment_size__)), error: .nrf_balloc is too large to fit in FLASH memory segment)
                0x0000000000005040                __nrf_sections_load_start__ = ALIGN (__nrf_balloc_end__, 0x4)

.nrf_sections   0x0000000000005040        0x0
                0x0000000000005040                __nrf_sections_start__ = .
                0x0000000000005040                __start_nrf_sections = __nrf_sections_start__
 *(.nrf_sections .nrf_sections.*)
                0x0000000000005040                __nrf_sections_end__ = (__nrf_sections_start__ + SIZEOF (.nrf_sections))
                0x0000000000000000                __nrf_sections_size__ = SIZEOF (.nrf_sections)
                0x0000000000005040                __nrf_sections_load_end__ = __nrf_sections_end__
                0x0000000000000001                . = ASSERT (((__nrf_sections_start__ == __nrf_sections_end__) || ((__nrf_sections_end__ - __FLASH_segment_start__) <= __FLASH_segment_size__)), error: .nrf_sections is too large to fit in FLASH memory segment)
                0x0000000000005040                __log_dynamic_data_load_start__ = ALIGN (__nrf_sections_end__, 0x4)

.log_dynamic_data
                0x0000000020000000        0x0 load address 0x0000000000005040
                0x0000000020000000                __log_dynamic_data_start__ = .
 *(SORT_BY_NAME(.log_dynamic_data*))
                0x0000000020000000                __log_dynamic_data_end__ = (__log_dynamic_data_start__ + SIZEOF (.log_dynamic_data))
                0x0000000000000000                __log_dynamic_data_size__ = SIZEOF (.log_dynamic_data)
                0x0000000000005040                __log_dynamic_data_load_end__ = (__log_dynamic_data_load_start__ + SIZEOF (.log_dynamic_data))
                0x0000000000000001                . = ASSERT (((__log_dynamic_data_load_start__ == __log_dynamic_data_load_end__) || ((__log_dynamic_data_load_end__ - __FLASH_segment_start__) <= __FLASH_segment_size__)), error: .log_dynamic_data is too large to fit in FLASH memory segment)

.log_dynamic_data_run
                0x0000000020000000        0x0
                0x0000000020000000                __log_dynamic_data_run_start__ = .
                0x0000000020000000                __start_log_dynamic_data = __log_dynamic_data_run_start__
                0x0000000020000000                . = MAX ((__log_dynamic_data_run_start__ + SIZEOF (.log_dynamic_data)), .)
                0x0000000020000000                __log_dynamic_data_run_end__ = (__log_dynamic_data_run_start__ + SIZEOF (.log_dynamic_data_run))
                0x0000000000000000                __log_dynamic_data_run_size__ = SIZEOF (.log_dynamic_data_run)
                0x0000000020000000                __stop_log_dynamic_data = __log_dynamic_data_run_end__
                0x0000000020000000                __log_dynamic_data_run_load_end__ = __log_dynamic_data_run_end__
                0x0000000000000001                . = ASSERT (((__log_dynamic_data_run_start__ == __log_dynamic_data_run_end__) || ((__log_dynamic_data_run_end__ - __RAM_segment_start__) <= __RAM_segment_size__)), error: .log_dynamic_data_run is too large to fit in RAM memory segment)
                0x0000000000005040                __log_filter_data_load_start__ = ALIGN ((__log_dynamic_data_load_start__ + SIZEOF (.log_dynamic_data)), 0x4)

.log_filter_data
                0x0000000020000000        0x0 load address 0x0000000000005040
                0x0000000020000000                __log_filter_data_start__ = .
 *(SORT_BY_NAME(.log_filter_data*))
                0x0000000020000000                __log_filter_data_end__ = (__log_filter_data_start__ + SIZEOF (.log_filter_data))
                0x0000000000000000                __log_filter_data_size__ = SIZEOF (.log_filter_data)
                0x0000000000005040                __log_filter_data_load_end__ = (__log_filter_data_load_start__ + SIZEOF (.log_filter_data))
                0x0000000000000001                . = ASSERT (((__log_filter_data_load_start__ == __log_filter_data_load_end__) || ((__log_filter_data_load_end__ - __FLASH_segment_start__) <= __FLASH_segment_size__)), error: .log_filter_data is too large to fit in FLASH memory segment)

.log_filter_data_run
                0x0000000020000000        0x0
                0x0000000020000000                __log_filter_data_run_start__ = .
                0x0000000020000000                __start_log_filter_data = __log_filter_data_run_start__
                0x0000000020000000                . = MAX ((__log_filter_data_run_start__ + SIZEOF (.log_filter_data)), .)
                0x0000000020000000                __log_filter_data_run_end__ = (__log_filter_data_run_start__ + SIZEOF (.log_filter_data_run))
                0x0000000000000000                __log_filter_data_run_size__ = SIZEOF (.log_filter_data_run)
                0x0000000020000000                __stop_log_filter_data = __log_filter_data_run_end__
                0x0000000020000000                __log_filter_data_run_load_end__ = __log_filter_data_run_end__
                0x0000000000000001                . = ASSERT (((__log_filter_data_run_start__ == __log_filter_data_run_end__) || ((__log_filter_data_run_end__ - __RAM_segment_start__) <= __RAM_segment_size__)), error: .log_filter_data_run is too large to fit in RAM memory segment)
                0x0000000020000000                __nrf_sections_run_end_load_start__ = ALIGN (__log_filter_data_run_end__, 0x4)

.nrf_sections_run_end
                0x0000000020000000        0x0
                0x0000000020000000                __nrf_sections_run_end_start__ = .
                0x0000000020000000                __end_nrf_sections_run = __nrf_sections_run_end_start__
 *(.nrf_sections_run_end .nrf_sections_run_end.*)
                0x0000000020000000                __nrf_sections_run_end_end__ = (__nrf_sections_run_end_start__ + SIZEOF (.nrf_sections_run_end))
                0x0000000000000000                __nrf_sections_run_end_size__ = SIZEOF (.nrf_sections_run_end)
                0x0000000020000000                __nrf_sections_run_end_load_end__ = __nrf_sections_run_end_end__
                0x0000000000000001                . = ASSERT (((__nrf_sections_run_end_start__ == __nrf_sections_run_end_end__) || ((__nrf_sections_run_end_end__ - __RAM_segment_start__) <= __RAM_segment_size__)), error: .nrf_sections_run_end is too large to fit in RAM memory segment)
                0x0000000000005040                __dtors_load_start__ = ALIGN ((__log_filter_data_load_start__ + SIZEOF (.log_filter_data)), 0x4)

.dtors          0x0000000000005040        0x0
                0x0000000000005040                __dtors_start__ = .
 *(SORT_BY_NAME(.dtors.*))
 *(.dtors)
 *(.fini_array)
 *(SORT_BY_NAME(.fini_array.*))
                0x0000000000005040                __dtors_end__ = (__dtors_start__ + SIZEOF (.dtors))
                0x0000000000000000                __dtors_size__ = SIZEOF (.dtors)
                0x0000000000005040                __dtors_load_end__ = __dtors_end__
                0x0000000000000001                . = ASSERT (((__dtors_start__ == __dtors_end__) || ((__dtors_end__ - __FLASH_segment_start__) <= __FLASH_segment_size__)), error: .dtors is too large to fit in FLASH memory segment)
                0x0000000000005040                __ctors_load_start__ = ALIGN (__dtors_end__, 0x4)

.ctors          0x0000000000005040        0x0
                0x0000000000005040                __ctors_start__ = .
 *(SORT_BY_NAME(.ctors.*))
 *(.ctors)
 *(.init_array)
 *(SORT_BY_NAME(.init_array.*))
                0x0000000000005040                __ctors_end__ = (__ctors_start__ + SIZEOF (.ctors))
                0x0000000000000000                __ctors_size__ = SIZEOF (.ctors)
                0x0000000000005040                __ctors_load_end__ = __ctors_end__
                0x0000000000000001                . = ASSERT (((__ctors_start__ == __ctors_end__) || ((__ctors_end__ - __FLASH_segment_start__) <= __FLASH_segment_size__)), error: .ctors is too large to fit in FLASH memory segment)
                0x0000000000005040                __rodata_load_start__ = ALIGN (__ctors_end__, 0x4)

.rodata         0x0000000000005040      0x710
                0x0000000000005040                __rodata_start__ = .
 *(.rodata .rodata.* .gnu.linkonce.r.*)
 .rodata        0x0000000000005040       0x20 Output/Release/Obj/twi_master_using_nrf_twi_mngr_pca10056/nrf_log_backend_uart.o
 .rodata.nrf_log_backend_uart_api
                0x0000000000005060        0xc Output/Release/Obj/twi_master_using_nrf_twi_mngr_pca10056/nrf_log_backend_uart.o
                0x0000000000005060                nrf_log_backend_uart_api
 .rodata.str1.1
                0x000000000000506c       0x11 Output/Release/Obj/twi_master_using_nrf_twi_mngr_pca10056/nrf_log_default_backends.o
 .rodata.nrf_log_frontend_dequeue.str1.1
                0x000000000000507d       0x11 Output/Release/Obj/twi_master_using_nrf_twi_mngr_pca10056/nrf_log_frontend.o
 .rodata.str1.1
                0x000000000000508e        0x4 Output/Release/Obj/twi_master_using_nrf_twi_mngr_pca10056/nrf_log_frontend.o
 *fill*         0x0000000000005092        0x2 
 .rodata.m_log_push_ringbuf
                0x0000000000005094        0xc Output/Release/Obj/twi_master_using_nrf_twi_mngr_pca10056/nrf_log_frontend.o
 .rodata.postfix_process.str1.1
                0x00000000000050a0        0x8 Output/Release/Obj/twi_master_using_nrf_twi_mngr_pca10056/nrf_log_str_formatter.o
                                          0xb (size before relaxing)
 .rodata.prefix_process.str1.1
                0x00000000000050a8       0x2a Output/Release/Obj/twi_master_using_nrf_twi_mngr_pca10056/nrf_log_str_formatter.o
 .rodata.nrf_log_hexdump_entry_process.str1.1
                0x00000000000050d2        0xf Output/Release/Obj/twi_master_using_nrf_twi_mngr_pca10056/nrf_log_str_formatter.o
                                         0x11 (size before relaxing)
 .rodata.str1.1
                0x00000000000050e1       0x4b Output/Release/Obj/twi_master_using_nrf_twi_mngr_pca10056/nrf_log_str_formatter.o
                                         0x51 (size before relaxing)
 .rodata.m_colors
                0x000000000000512c       0x24 Output/Release/Obj/twi_master_using_nrf_twi_mngr_pca10056/nrf_log_str_formatter.o
 .rodata.severity_names
                0x0000000000005150       0x14 Output/Release/Obj/twi_master_using_nrf_twi_mngr_pca10056/nrf_log_str_formatter.o
 .rodata.app_error_fault_handler.str1.1
                0x0000000000005164       0x19 Output/Release/Obj/twi_master_using_nrf_twi_mngr_pca10056/app_error_weak.o
 *fill*         0x000000000000517d        0x3 
 .rodata.delay_machine_code.8225
                0x0000000000005180        0x6 Output/Release/Obj/twi_master_using_nrf_twi_mngr_pca10056/app_timer.o
 .rodata._aV2C.7793
                0x0000000000005186       0x10 Output/Release/Obj/twi_master_using_nrf_twi_mngr_pca10056/nrf_fprintf_format.o
 .rodata.str1.1
                0x0000000000005196        0x9 Output/Release/Obj/twi_master_using_nrf_twi_mngr_pca10056/nrf_pwr_mgmt.o
 *fill*         0x000000000000519f        0x1 
 .rodata.pwr_mgmt_data
                0x00000000000051a0        0xc Output/Release/Obj/twi_master_using_nrf_twi_mngr_pca10056/nrf_pwr_mgmt.o
 .rodata.str1.1
                0x00000000000051ac        0x6 Output/Release/Obj/twi_master_using_nrf_twi_mngr_pca10056/nrf_drv_clock.o
 *fill*         0x00000000000051b2        0xe 
 .rodata.delay_machine_code.7878
                0x00000000000051c0        0x6 Output/Release/Obj/twi_master_using_nrf_twi_mngr_pca10056/nrf_drv_twi.o
 .rodata.str1.1
                0x00000000000051c6        0x6 Output/Release/Obj/twi_master_using_nrf_twi_mngr_pca10056/nrfx_clock.o
 .rodata.str1.1
                0x00000000000051cc        0x7 Output/Release/Obj/twi_master_using_nrf_twi_mngr_pca10056/nrfx_gpiote.o
 .rodata.str1.1
                0x00000000000051d3        0x4 Output/Release/Obj/twi_master_using_nrf_twi_mngr_pca10056/nrfx_prs.o
 .rodata.str1.1
                0x00000000000051d7        0x4 Output/Release/Obj/twi_master_using_nrf_twi_mngr_pca10056/nrfx_twi.o
 .rodata.str1.1
                0x00000000000051db        0x5 Output/Release/Obj/twi_master_using_nrf_twi_mngr_pca10056/nrfx_uart.o
 .rodata.str1.1
                0x00000000000051e0        0x6 Output/Release/Obj/twi_master_using_nrf_twi_mngr_pca10056/nrfx_uarte.o
 .rodata.iis2dlpc_read_data_polling.str1.1
                0x00000000000051e6       0x26 Output/Release/Obj/twi_master_using_nrf_twi_mngr_pca10056/main.o
                                         0x3a (size before relaxing)
 .rodata.main.str1.1
                0x000000000000520c       0x21 Output/Release/Obj/twi_master_using_nrf_twi_mngr_pca10056/main.o
 *fill*         0x000000000000522d        0x3 
 .rodata.delay_machine_code.7878
                0x0000000000005230        0x6 Output/Release/Obj/twi_master_using_nrf_twi_mngr_pca10056/main.o
 *fill*         0x0000000000005236        0x2 
 .rodata.m_nrf_twi_mngr
                0x0000000000005238       0x18 Output/Release/Obj/twi_master_using_nrf_twi_mngr_pca10056/main.o
 .rodata._DoInit.str1.1
                0x0000000000005250       0x14 Output/Release/Obj/twi_master_using_nrf_twi_mngr_pca10056/SEGGER_RTT.o
 .rodata.sensor_read_reg_cb.str1.1
                0x0000000000005264       0x24 Output/Release/Obj/twi_master_using_nrf_twi_mngr_pca10056/nrf_twi_sensor.o
 .rodata.sensor_write_reg_cb.str1.1
                0x0000000000005288       0x25 Output/Release/Obj/twi_master_using_nrf_twi_mngr_pca10056/nrf_twi_sensor.o
 .rodata.nrf_twi_sensor_reg_read.str1.1
                0x00000000000052ad       0x8a Output/Release/Obj/twi_master_using_nrf_twi_mngr_pca10056/nrf_twi_sensor.o
 .rodata.nrf_twi_sensor_write.str1.1
                0x0000000000005337       0xa5 Output/Release/Obj/twi_master_using_nrf_twi_mngr_pca10056/nrf_twi_sensor.o
 .rodata.nrf_twi_sensor_reg_write.str1.1
                0x00000000000053dc       0x17 Output/Release/Obj/twi_master_using_nrf_twi_mngr_pca10056/nrf_twi_sensor.o
 .rodata.str1.1
                0x00000000000053f3        0xb Output/Release/Obj/twi_master_using_nrf_twi_mngr_pca10056/nrf_twi_sensor.o
 *fill*         0x00000000000053fe        0x2 
 .rodata.libc.__RAL_find_locale.str1.4
                0x0000000000005400        0xa C:/Program Files/SEGGER/SEGGER Embedded Studio for ARM 5.20a/lib/libc_v7em_fpv4_sp_d16_hard_t_le_eabi.a(libc2.o)
 *fill*         0x000000000000540a        0x2 
 .rodata.libc.__RAL_ascii_ctype_map
                0x000000000000540c       0x80 C:/Program Files/SEGGER/SEGGER Embedded Studio for ARM 5.20a/lib/libc_v7em_fpv4_sp_d16_hard_t_le_eabi.a(libc2.o)
                0x000000000000540c                __RAL_ascii_ctype_map
 .rodata.libc.__RAL_ascii_ctype_mask
                0x000000000000548c        0xd C:/Program Files/SEGGER/SEGGER Embedded Studio for ARM 5.20a/lib/libc_v7em_fpv4_sp_d16_hard_t_le_eabi.a(libc2.o)
 *fill*         0x0000000000005499        0x3 
 .rodata.libc.__RAL_c_locale
                0x000000000000549c        0xc C:/Program Files/SEGGER/SEGGER Embedded Studio for ARM 5.20a/lib/libc_v7em_fpv4_sp_d16_hard_t_le_eabi.a(libc2.o)
                0x000000000000549c                __RAL_c_locale
 .rodata.libc.__RAL_c_locale_abbrev_day_names
                0x00000000000054a8       0x1d C:/Program Files/SEGGER/SEGGER Embedded Studio for ARM 5.20a/lib/libc_v7em_fpv4_sp_d16_hard_t_le_eabi.a(libc2.o)
                0x00000000000054a8                __RAL_c_locale_abbrev_day_names
 *fill*         0x00000000000054c5        0x3 
 .rodata.libc.__RAL_c_locale_abbrev_month_names
                0x00000000000054c8       0x31 C:/Program Files/SEGGER/SEGGER Embedded Studio for ARM 5.20a/lib/libc_v7em_fpv4_sp_d16_hard_t_le_eabi.a(libc2.o)
                0x00000000000054c8                __RAL_c_locale_abbrev_month_names
 *fill*         0x00000000000054f9        0x3 
 .rodata.libc.__RAL_c_locale_am_pm_indicator
                0x00000000000054fc        0x7 C:/Program Files/SEGGER/SEGGER Embedded Studio for ARM 5.20a/lib/libc_v7em_fpv4_sp_d16_hard_t_le_eabi.a(libc2.o)
                0x00000000000054fc                __RAL_c_locale_am_pm_indicator
 *fill*         0x0000000000005503        0x1 
 .rodata.libc.__RAL_c_locale_data
                0x0000000000005504       0x58 C:/Program Files/SEGGER/SEGGER Embedded Studio for ARM 5.20a/lib/libc_v7em_fpv4_sp_d16_hard_t_le_eabi.a(libc2.o)
                0x0000000000005504                __RAL_c_locale_data
 .rodata.libc.__RAL_c_locale_date_format
                0x000000000000555c        0x9 C:/Program Files/SEGGER/SEGGER Embedded Studio for ARM 5.20a/lib/libc_v7em_fpv4_sp_d16_hard_t_le_eabi.a(libc2.o)
                0x000000000000555c                __RAL_c_locale_date_format
 *fill*         0x0000000000005565        0x3 
 .rodata.libc.__RAL_c_locale_date_time_format
                0x0000000000005568        0xf C:/Program Files/SEGGER/SEGGER Embedded Studio for ARM 5.20a/lib/libc_v7em_fpv4_sp_d16_hard_t_le_eabi.a(libc2.o)
                0x0000000000005568                __RAL_c_locale_date_time_format
 *fill*         0x0000000000005577        0x1 
 .rodata.libc.__RAL_c_locale_day_names
                0x0000000000005578       0x3a C:/Program Files/SEGGER/SEGGER Embedded Studio for ARM 5.20a/lib/libc_v7em_fpv4_sp_d16_hard_t_le_eabi.a(libc2.o)
                0x0000000000005578                __RAL_c_locale_day_names
 *fill*         0x00000000000055b2        0x2 
 .rodata.libc.__RAL_c_locale_month_names
                0x00000000000055b4       0x57 C:/Program Files/SEGGER/SEGGER Embedded Studio for ARM 5.20a/lib/libc_v7em_fpv4_sp_d16_hard_t_le_eabi.a(libc2.o)
                0x00000000000055b4                __RAL_c_locale_month_names
 *fill*         0x000000000000560b        0x1 
 .rodata.libc.__RAL_c_locale_time_format
                0x000000000000560c        0x9 C:/Program Files/SEGGER/SEGGER Embedded Studio for ARM 5.20a/lib/libc_v7em_fpv4_sp_d16_hard_t_le_eabi.a(libc2.o)
                0x000000000000560c                __RAL_c_locale_time_format
 *fill*         0x0000000000005615        0x3 
 .rodata.libc.__RAL_codeset_ascii
                0x0000000000005618       0x20 C:/Program Files/SEGGER/SEGGER Embedded Studio for ARM 5.20a/lib/libc_v7em_fpv4_sp_d16_hard_t_le_eabi.a(libc2.o)
                0x0000000000005618                __RAL_codeset_ascii
 .rodata.libc.__RAL_data_empty_string
                0x0000000000005638        0x1 C:/Program Files/SEGGER/SEGGER Embedded Studio for ARM 5.20a/lib/libc_v7em_fpv4_sp_d16_hard_t_le_eabi.a(libc2.o)
                0x0000000000005638                __RAL_data_empty_string
 *fill*         0x0000000000005639        0x3 
 .rodata.libc.__RAL_data_utf8_period
                0x000000000000563c        0x2 C:/Program Files/SEGGER/SEGGER Embedded Studio for ARM 5.20a/lib/libc_v7em_fpv4_sp_d16_hard_t_le_eabi.a(libc2.o)
                0x000000000000563c                __RAL_data_utf8_period
 *fill*         0x000000000000563e        0x2 
 .rodata.libc.__RAL_hex_lc
                0x0000000000005640       0x10 C:/Program Files/SEGGER/SEGGER Embedded Studio for ARM 5.20a/lib/libc_v7em_fpv4_sp_d16_hard_t_le_eabi.a(libc2.o)
                0x0000000000005640                __RAL_hex_lc
 .rodata.libc.__RAL_hex_uc
                0x0000000000005650       0x10 C:/Program Files/SEGGER/SEGGER Embedded Studio for ARM 5.20a/lib/libc_v7em_fpv4_sp_d16_hard_t_le_eabi.a(libc2.o)
                0x0000000000005650                __RAL_hex_uc
 .rodata.libc.__aeabi_EDOM
                0x0000000000005660        0x4 C:/Program Files/SEGGER/SEGGER Embedded Studio for ARM 5.20a/lib/libc_v7em_fpv4_sp_d16_hard_t_le_eabi.a(libc2.o)
                0x0000000000005660                __aeabi_EDOM
 .rodata.libc.powerf
                0x0000000000005664       0x18 C:/Program Files/SEGGER/SEGGER Embedded Studio for ARM 5.20a/lib/libc_v7em_fpv4_sp_d16_hard_t_le_eabi.a(libc2.o)
 .rodata.libc.__vfprintf_int.str1.4
                0x000000000000567c        0x7 C:/Program Files/SEGGER/SEGGER Embedded Studio for ARM 5.20a/lib/libc_v7em_fpv4_sp_d16_hard_t_le_eabi.a(libvfprintf.o)
 *fill*         0x0000000000005683        0x1 
 .rodata.libc.__vfprintf_float_long.str1.4
                0x0000000000005684       0x28 C:/Program Files/SEGGER/SEGGER Embedded Studio for ARM 5.20a/lib/libc_v7em_fpv4_sp_d16_hard_t_le_eabi.a(libvfprintf.o)
 *fill*         0x00000000000056ac        0x4 
 .rodata.libc.ipow10
                0x00000000000056b0       0xa0 C:/Program Files/SEGGER/SEGGER Embedded Studio for ARM 5.20a/lib/libc_v7em_fpv4_sp_d16_hard_t_le_eabi.a(libvfprintf.o)
                0x0000000000005750                __rodata_end__ = (__rodata_start__ + SIZEOF (.rodata))
                0x0000000000000710                __rodata_size__ = SIZEOF (.rodata)
                0x0000000000005750                __rodata_load_end__ = __rodata_end__

.rel.dyn        0x0000000000005750        0x0
 .rel.iplt      0x0000000000005750        0x0 Output/Release/Obj/twi_master_using_nrf_twi_mngr_pca10056/thumb_crt0.o
                0x0000000000000001                . = ASSERT (((__rodata_start__ == __rodata_end__) || ((__rodata_end__ - __FLASH_segment_start__) <= __FLASH_segment_size__)), error: .rodata is too large to fit in FLASH memory segment)
                0x0000000000005750                __ARM.exidx_load_start__ = ALIGN (__rodata_end__, 0x4)

.ARM.exidx      0x0000000000005750        0x0
                0x0000000000005750                __ARM.exidx_start__ = .
                0x0000000000005750                __exidx_start = __ARM.exidx_start__
 *(.ARM.exidx .ARM.exidx.*)
                0x0000000000005750                __ARM.exidx_end__ = (__ARM.exidx_start__ + SIZEOF (.ARM.exidx))
                0x0000000000000000                __ARM.exidx_size__ = SIZEOF (.ARM.exidx)
                0x0000000000005750                __exidx_end = __ARM.exidx_end__
                0x0000000000005750                __ARM.exidx_load_end__ = __ARM.exidx_end__
                0x0000000000000001                . = ASSERT (((__ARM.exidx_start__ == __ARM.exidx_end__) || ((__ARM.exidx_end__ - __FLASH_segment_start__) <= __FLASH_segment_size__)), error: .ARM.exidx is too large to fit in FLASH memory segment)
                0x0000000000005750                __fast_load_start__ = ALIGN (__ARM.exidx_end__, 0x4)

.fast           0x0000000020000000        0x0 load address 0x0000000000005750
                0x0000000020000000                __fast_start__ = .
 *(.fast .fast.*)
                0x0000000020000000                __fast_end__ = (__fast_start__ + SIZEOF (.fast))
                0x0000000000000000                __fast_size__ = SIZEOF (.fast)
                0x0000000000005750                __fast_load_end__ = (__fast_load_start__ + SIZEOF (.fast))
                0x0000000000000001                . = ASSERT (((__fast_load_start__ == __fast_load_end__) || ((__fast_load_end__ - __FLASH_segment_start__) <= __FLASH_segment_size__)), error: .fast is too large to fit in FLASH memory segment)

.fast_run       0x0000000020000000        0x0
                0x0000000020000000                __fast_run_start__ = .
                0x0000000020000000                . = MAX ((__fast_run_start__ + SIZEOF (.fast)), .)
                0x0000000020000000                __fast_run_end__ = (__fast_run_start__ + SIZEOF (.fast_run))
                0x0000000000000000                __fast_run_size__ = SIZEOF (.fast_run)
                0x0000000020000000                __fast_run_load_end__ = __fast_run_end__
                0x0000000000000001                . = ASSERT (((__fast_run_start__ == __fast_run_end__) || ((__fast_run_end__ - __RAM_segment_start__) <= __RAM_segment_size__)), error: .fast_run is too large to fit in RAM memory segment)
                0x0000000000005750                __data_load_start__ = ALIGN ((__fast_load_start__ + SIZEOF (.fast)), 0x4)

.data           0x0000000020000000       0x3c load address 0x0000000000005750
                0x0000000020000000                __data_start__ = .
 *(.data .data.* .gnu.linkonce.d.*)
 .data.m_uart   0x0000000020000000       0x14 Output/Release/Obj/twi_master_using_nrf_twi_mngr_pca10056/nrf_log_backend_uart.o
                0x0000000020000000                m_uart
 .data.log_backend_cb_uart_log_backend
                0x0000000020000014        0x8 Output/Release/Obj/twi_master_using_nrf_twi_mngr_pca10056/nrf_log_default_backends.o
 .data.m_nrf_twi_sensor
                0x000000002000001c        0x8 Output/Release/Obj/twi_master_using_nrf_twi_mngr_pca10056/main.o
 .data.SystemCoreClock
                0x0000000020000024        0x4 Output/Release/Obj/twi_master_using_nrf_twi_mngr_pca10056/system_nrf52840.o
                0x0000000020000024                SystemCoreClock
 .data.libc.__RAL_global_locale
                0x0000000020000028       0x14 C:/Program Files/SEGGER/SEGGER Embedded Studio for ARM 5.20a/lib/libc_v7em_fpv4_sp_d16_hard_t_le_eabi.a(libc2.o)
                0x0000000020000028                __RAL_global_locale
                0x000000002000003c                __data_end__ = (__data_start__ + SIZEOF (.data))
                0x000000000000003c                __data_size__ = SIZEOF (.data)
                0x000000000000578c                __data_load_end__ = (__data_load_start__ + SIZEOF (.data))

.igot.plt       0x0000000100000000        0x0
 .igot.plt      0x0000000100000000        0x0 Output/Release/Obj/twi_master_using_nrf_twi_mngr_pca10056/thumb_crt0.o
                0x0000000000000001                . = ASSERT (((__data_load_start__ == __data_load_end__) || ((__data_load_end__ - __FLASH_segment_start__) <= __FLASH_segment_size__)), error: .data is too large to fit in FLASH memory segment)

.data_run       0x0000000020000000       0x3c load address 0x0000000000005750
                0x0000000020000000                __data_run_start__ = .
                0x000000002000003c                . = MAX ((__data_run_start__ + SIZEOF (.data)), .)
 *fill*         0x0000000020000000       0x3c 
                0x000000002000003c                __data_run_end__ = (__data_run_start__ + SIZEOF (.data_run))
                0x000000000000003c                __data_run_size__ = SIZEOF (.data_run)
                0x000000002000003c                __data_run_load_end__ = __data_run_end__
                0x0000000000000001                . = ASSERT (((__data_run_start__ == __data_run_end__) || ((__data_run_end__ - __RAM_segment_start__) <= __RAM_segment_size__)), error: .data_run is too large to fit in RAM memory segment)
                0x000000000000578c                __tdata_load_start__ = ALIGN ((__data_load_start__ + SIZEOF (.data)), 0x4)

.tdata          0x000000002000003c        0x0 load address 0x000000000000578c
                0x000000002000003c                __tdata_start__ = .
 *(.tdata .tdata.*)
                0x000000002000003c                __tdata_end__ = (__tdata_start__ + SIZEOF (.tdata))
                0x0000000000000000                __tdata_size__ = SIZEOF (.tdata)
                0x000000000000578c                __tdata_load_end__ = (__tdata_load_start__ + SIZEOF (.tdata))
                0x000000000000578c                __FLASH_segment_used_end__ = (ALIGN ((__data_load_start__ + SIZEOF (.data)), 0x4) + SIZEOF (.tdata))
                0x000000000000578c                __FLASH_segment_used_size__ = (__FLASH_segment_used_end__ - __FLASH_segment_start__)
                0x0000000000000001                . = ASSERT (((__tdata_load_start__ == __tdata_load_end__) || ((__tdata_load_end__ - __FLASH_segment_start__) <= __FLASH_segment_size__)), error: .tdata is too large to fit in FLASH memory segment)

.tdata_run      0x000000002000003c        0x0
                0x000000002000003c                __tdata_run_start__ = .
                0x000000002000003c                . = MAX ((__tdata_run_start__ + SIZEOF (.tdata)), .)
                0x000000002000003c                __tdata_run_end__ = (__tdata_run_start__ + SIZEOF (.tdata_run))
                0x0000000000000000                __tdata_run_size__ = SIZEOF (.tdata_run)
                0x000000002000003c                __tdata_run_load_end__ = __tdata_run_end__
                0x0000000000000001                . = ASSERT (((__tdata_run_start__ == __tdata_run_end__) || ((__tdata_run_end__ - __RAM_segment_start__) <= __RAM_segment_size__)), error: .tdata_run is too large to fit in RAM memory segment)
                0x000000002000003c                __bss_load_start__ = ALIGN (__tdata_run_end__, 0x4)

.bss            0x000000002000003c     0x1214
                0x000000002000003c                __bss_start__ = .
 *(.bss .bss.* .gnu.linkonce.b.*)
 .bss.m_async_mode
                0x000000002000003c        0x1 Output/Release/Obj/twi_master_using_nrf_twi_mngr_pca10056/nrf_log_backend_uart.o
 .bss.m_string_buff
                0x000000002000003d       0x40 Output/Release/Obj/twi_master_using_nrf_twi_mngr_pca10056/nrf_log_backend_uart.o
 .bss.m_xfer_done
                0x000000002000007d        0x1 Output/Release/Obj/twi_master_using_nrf_twi_mngr_pca10056/nrf_log_backend_uart.o
 *fill*         0x000000002000007e        0x2 
 .bss.log_mempool_nrf_balloc_cb
                0x0000000020000080        0x8 Output/Release/Obj/twi_master_using_nrf_twi_mngr_pca10056/nrf_log_frontend.o
 .bss.log_mempool_nrf_balloc_pool_mem
                0x0000000020000088       0xc0 Output/Release/Obj/twi_master_using_nrf_twi_mngr_pca10056/nrf_log_frontend.o
 .bss.log_mempool_nrf_balloc_pool_stack
                0x0000000020000148        0x8 Output/Release/Obj/twi_master_using_nrf_twi_mngr_pca10056/nrf_log_frontend.o
 .bss.m_log_data
                0x0000000020000150      0x424 Output/Release/Obj/twi_master_using_nrf_twi_mngr_pca10056/nrf_log_frontend.o
 .bss.m_log_push_ringbuf_buf
                0x0000000020000574       0x80 Output/Release/Obj/twi_master_using_nrf_twi_mngr_pca10056/nrf_log_frontend.o
 .bss.m_log_push_ringbuf_cb
                0x00000000200005f4       0x18 Output/Release/Obj/twi_master_using_nrf_twi_mngr_pca10056/nrf_log_frontend.o
 .bss.m_op_queue
                0x000000002000060c      0x10c Output/Release/Obj/twi_master_using_nrf_twi_mngr_pca10056/app_timer.o
 .bss.m_rtc1_reset
                0x0000000020000718        0x1 Output/Release/Obj/twi_master_using_nrf_twi_mngr_pca10056/app_timer.o
 .bss.m_rtc1_running
                0x0000000020000719        0x1 Output/Release/Obj/twi_master_using_nrf_twi_mngr_pca10056/app_timer.o
 *fill*         0x000000002000071a        0x2 
 .bss.m_ticks_elapsed
                0x000000002000071c        0x8 Output/Release/Obj/twi_master_using_nrf_twi_mngr_pca10056/app_timer.o
 .bss.m_ticks_elapsed_q_read_ind
                0x0000000020000724        0x1 Output/Release/Obj/twi_master_using_nrf_twi_mngr_pca10056/app_timer.o
 .bss.m_ticks_elapsed_q_write_ind
                0x0000000020000725        0x1 Output/Release/Obj/twi_master_using_nrf_twi_mngr_pca10056/app_timer.o
 *fill*         0x0000000020000726        0x2 
 .bss.m_ticks_latest
                0x0000000020000728        0x4 Output/Release/Obj/twi_master_using_nrf_twi_mngr_pca10056/app_timer.o
 .bss.mp_timer_id_head
                0x000000002000072c        0x4 Output/Release/Obj/twi_master_using_nrf_twi_mngr_pca10056/app_timer.o
 .bss.m_in_critical_region
                0x0000000020000730        0x4 Output/Release/Obj/twi_master_using_nrf_twi_mngr_pca10056/app_util_platform.o
 .bss.m_handlers_iter
                0x0000000020000734        0x8 Output/Release/Obj/twi_master_using_nrf_twi_mngr_pca10056/nrf_pwr_mgmt.o
 .bss.m_shutdown_started
                0x000000002000073c        0x1 Output/Release/Obj/twi_master_using_nrf_twi_mngr_pca10056/nrf_pwr_mgmt.o
 *fill*         0x000000002000073d        0x3 
 .bss.m_sysoff_mtx
                0x0000000020000740        0x4 Output/Release/Obj/twi_master_using_nrf_twi_mngr_pca10056/nrf_pwr_mgmt.o
 .bss.m_contexts
                0x0000000020000744        0x8 Output/Release/Obj/twi_master_using_nrf_twi_mngr_pca10056/nrf_drv_twi.o
 .bss.m_handlers
                0x000000002000074c        0x8 Output/Release/Obj/twi_master_using_nrf_twi_mngr_pca10056/nrf_drv_twi.o
 .bss.m_contexts
                0x0000000020000754        0x8 Output/Release/Obj/twi_master_using_nrf_twi_mngr_pca10056/nrf_drv_uart.o
 .bss.m_handlers
                0x000000002000075c        0x8 Output/Release/Obj/twi_master_using_nrf_twi_mngr_pca10056/nrf_drv_uart.o
 .bss.nrf_drv_uart_use_easy_dma
                0x0000000020000764        0x2 Output/Release/Obj/twi_master_using_nrf_twi_mngr_pca10056/nrf_drv_uart.o
                0x0000000020000764                nrf_drv_uart_use_easy_dma
 *fill*         0x0000000020000766        0x2 
 .bss.m_clock_cb
                0x0000000020000768        0x8 Output/Release/Obj/twi_master_using_nrf_twi_mngr_pca10056/nrfx_clock.o
 .bss.m_cb      0x0000000020000770       0x6c Output/Release/Obj/twi_master_using_nrf_twi_mngr_pca10056/nrfx_gpiote.o
 .bss.m_prs_box_4
                0x00000000200007dc        0x8 Output/Release/Obj/twi_master_using_nrf_twi_mngr_pca10056/nrfx_prs.o
 .bss.m_cb      0x00000000200007e4       0x3c Output/Release/Obj/twi_master_using_nrf_twi_mngr_pca10056/nrfx_twi.o
 .bss.m_cb      0x0000000020000820       0x2c Output/Release/Obj/twi_master_using_nrf_twi_mngr_pca10056/nrfx_uart.o
 .bss.m_cb      0x000000002000084c       0x24 Output/Release/Obj/twi_master_using_nrf_twi_mngr_pca10056/nrfx_uarte.o
 .bss.acceleration_mg
                0x0000000020000870        0xc Output/Release/Obj/twi_master_using_nrf_twi_mngr_pca10056/main.o
 .bss.data_raw_acceleration
                0x000000002000087c        0x6 Output/Release/Obj/twi_master_using_nrf_twi_mngr_pca10056/main.o
 *fill*         0x0000000020000882        0x2 
 .bss.m_nrf_twi_mngr_cb
                0x0000000020000884       0x1c Output/Release/Obj/twi_master_using_nrf_twi_mngr_pca10056/main.o
 .bss.m_nrf_twi_mngr_queue_nrf_queue_buffer
                0x00000000200008a0       0x14 Output/Release/Obj/twi_master_using_nrf_twi_mngr_pca10056/main.o
 .bss.m_nrf_twi_mngr_queue_nrf_queue_cb
                0x00000000200008b4        0xc Output/Release/Obj/twi_master_using_nrf_twi_mngr_pca10056/main.o
 .bss.m_nrf_twi_sensor_pool_nrf_balloc_cb
                0x00000000200008c0        0x8 Output/Release/Obj/twi_master_using_nrf_twi_mngr_pca10056/main.o
 .bss.m_nrf_twi_sensor_pool_nrf_balloc_pool_mem
                0x00000000200008c8      0x300 Output/Release/Obj/twi_master_using_nrf_twi_mngr_pca10056/main.o
 .bss.m_nrf_twi_sensor_pool_nrf_balloc_pool_stack
                0x0000000020000bc8       0x10 Output/Release/Obj/twi_master_using_nrf_twi_mngr_pca10056/main.o
 .bss.rst       0x0000000020000bd8        0x1 Output/Release/Obj/twi_master_using_nrf_twi_mngr_pca10056/main.o
 .bss.tx_buffer
                0x0000000020000bd9      0x3e8 Output/Release/Obj/twi_master_using_nrf_twi_mngr_pca10056/main.o
 .bss.whoamI    0x0000000020000fc1        0x1 Output/Release/Obj/twi_master_using_nrf_twi_mngr_pca10056/main.o
 *fill*         0x0000000020000fc2        0x2 
 .bss._SEGGER_RTT
                0x0000000020000fc4       0x78 Output/Release/Obj/twi_master_using_nrf_twi_mngr_pca10056/SEGGER_RTT.o
                0x0000000020000fc4                _SEGGER_RTT
 .bss._acDownBuffer
                0x000000002000103c       0x10 Output/Release/Obj/twi_master_using_nrf_twi_mngr_pca10056/SEGGER_RTT.o
 .bss._acUpBuffer
                0x000000002000104c      0x200 Output/Release/Obj/twi_master_using_nrf_twi_mngr_pca10056/SEGGER_RTT.o
 .bss.libc.__user_format_extender
                0x000000002000124c        0x4 C:/Program Files/SEGGER/SEGGER Embedded Studio for ARM 5.20a/lib/libc_v7em_fpv4_sp_d16_hard_t_le_eabi.a(libc2.o)
                0x000000002000124c                __user_format_extender
 *(COMMON)
                0x0000000020001250                __bss_end__ = (__bss_start__ + SIZEOF (.bss))
                0x0000000000001214                __bss_size__ = SIZEOF (.bss)
                0x0000000020001250                __bss_load_end__ = __bss_end__
                0x0000000000000001                . = ASSERT (((__bss_start__ == __bss_end__) || ((__bss_end__ - __RAM_segment_start__) <= __RAM_segment_size__)), error: .bss is too large to fit in RAM memory segment)
                0x0000000020001250                __tbss_load_start__ = ALIGN (__bss_end__, 0x4)

.tbss           0x0000000020001250        0x4
                0x0000000020001250                __tbss_start__ = .
 *(.tbss .tbss.*)
 .tbss.errno_val
                0x0000000020001250        0x4 C:/Program Files/SEGGER/SEGGER Embedded Studio for ARM 5.20a/lib/libc_v7em_fpv4_sp_d16_hard_t_le_eabi.a(libc2.o)
                0x0000000020001254                __tbss_end__ = (__tbss_start__ + SIZEOF (.tbss))
                0x0000000000000004                __tbss_size__ = SIZEOF (.tbss)